Nov  8 02:22:45 mestari420 rsyslogd: [origin software="rsyslogd" swVersion="8.16.0" x-pid="945" x-info="http://www.rsyslog.com"] start
Nov  8 02:22:45 mestari420 rsyslogd-2222: command 'KLogPermitNonKernelFacility' is currently not permitted - did you already set it via a RainerScript command (v6+ config)? [v8.16.0 try http://www.rsyslog.com/e/2222 ]
Nov  8 02:22:45 mestari420 rsyslogd: rsyslogd's groupid changed to 108
Nov  8 02:22:45 mestari420 rsyslogd: rsyslogd's userid changed to 104
Nov  8 02:22:45 mestari420 systemd-modules-load[305]: Inserted module 'lp'
Nov  8 02:22:45 mestari420 systemd-modules-load[305]: Inserted module 'ppdev'
Nov  8 02:22:45 mestari420 systemd-modules-load[305]: Inserted module 'parport_pc'
Nov  8 02:22:45 mestari420 systemd[1]: Mounted FUSE Control File System.
Nov  8 02:22:45 mestari420 systemd[1]: Mounted POSIX Message Queue File System.
Nov  8 02:22:45 mestari420 rsyslogd-2039: Could not open output pipe '/dev/xconsole':: No such file or directory [v8.16.0 try http://www.rsyslog.com/e/2039 ]
Nov  8 02:22:45 mestari420 systemd[1]: Mounted Debug File System.
Nov  8 02:22:45 mestari420 systemd[1]: Mounted Huge Pages File System.
Nov  8 02:22:45 mestari420 systemd[1]: Started Nameserver information manager.
Nov  8 02:22:45 mestari420 systemd[1]: Reached target Network (Pre).
Nov  8 02:22:45 mestari420 systemd[1]: Started Apply Kernel Variables.
Nov  8 02:22:45 mestari420 rsyslogd-2007: action 'action 10' suspended, next retry is Wed Nov  8 02:23:15 2017 [v8.16.0 try http://www.rsyslog.com/e/2007 ]
Nov  8 02:22:45 mestari420 systemd[1]: Started Create Static Device Nodes in /dev.
Nov  8 02:22:45 mestari420 systemd[1]: Starting udev Kernel Device Manager...
Nov  8 02:22:45 mestari420 systemd[1]: Started udev Kernel Device Manager.
Nov  8 02:22:45 mestari420 systemd[1]: Starting Remount Root and Kernel File Systems...
Nov  8 02:22:45 mestari420 systemd[1]: Started Remount Root and Kernel File Systems.
Nov  8 02:22:45 mestari420 systemd[1]: Starting Flush Journal to Persistent Storage...
Nov  8 02:22:45 mestari420 loadkeys[304]: Loading /etc/console-setup/cached.kmap.gz
Nov  8 02:22:45 mestari420 systemd[1]: Starting udev Coldplug all Devices...
Nov  8 02:22:45 mestari420 systemd[1]: Starting Load/Save Random Seed...
Nov  8 02:22:45 mestari420 systemd[1]: Started Set console keymap.
Nov  8 02:22:45 mestari420 systemd[1]: Reached target Local File Systems (Pre).
Nov  8 02:22:45 mestari420 systemd[1]: Started Flush Journal to Persistent Storage.
Nov  8 02:22:45 mestari420 systemd[1]: Started udev Coldplug all Devices.
Nov  8 02:22:45 mestari420 systemd[1]: Starting Show Plymouth Boot Screen...
Nov  8 02:22:45 mestari420 systemd[1]: Started Load/Save Random Seed.
Nov  8 02:22:45 mestari420 systemd[1]: Started Show Plymouth Boot Screen.
Nov  8 02:22:45 mestari420 systemd[1]: Started Forward Password Requests to Plymouth Directory Watch.
Nov  8 02:22:45 mestari420 kernel: [    0.000000] Linux version 4.10.0-38-generic (buildd@lgw01-amd64-059) (gcc version 5.4.0 20160609 (Ubuntu 5.4.0-6ubuntu1~16.04.4) ) #42~16.04.1-Ubuntu SMP Tue Oct 10 16:32:20 UTC 2017 (Ubuntu 4.10.0-38.42~16.04.1-generic 4.10.17)
Nov  8 02:22:45 mestari420 mtp-probe: checking bus 1, device 7: "/sys/devices/pci0000:00/0000:00:14.0/usb1/1-5/1-5.1"
Nov  8 02:22:45 mestari420 kernel: [    0.000000] Command line: BOOT_IMAGE=/boot/vmlinuz-4.10.0-38-generic.efi.signed root=UUID=f3cda627-453a-4771-812b-e6c4f6c542f6 ro quiet splash vt.handoff=7
Nov  8 02:22:45 mestari420 kernel: [    0.000000] KERNEL supported cpus:
Nov  8 02:22:45 mestari420 kernel: [    0.000000]   Intel GenuineIntel
Nov  8 02:22:45 mestari420 kernel: [    0.000000]   AMD AuthenticAMD
Nov  8 02:22:45 mestari420 mtp-probe: checking bus 1, device 6: "/sys/devices/pci0000:00/0000:00:14.0/usb1/1-14"
Nov  8 02:22:45 mestari420 kernel: [    0.000000]   Centaur CentaurHauls
Nov  8 02:22:45 mestari420 kernel: [    0.000000] x86/fpu: Supporting XSAVE feature 0x001: 'x87 floating point registers'
Nov  8 02:22:45 mestari420 kernel: [    0.000000] x86/fpu: Supporting XSAVE feature 0x002: 'SSE registers'
Nov  8 02:22:45 mestari420 kernel: [    0.000000] x86/fpu: Supporting XSAVE feature 0x004: 'AVX registers'
Nov  8 02:22:45 mestari420 kernel: [    0.000000] x86/fpu: Supporting XSAVE feature 0x008: 'MPX bounds registers'
Nov  8 02:22:45 mestari420 kernel: [    0.000000] x86/fpu: Supporting XSAVE feature 0x010: 'MPX CSR'
Nov  8 02:22:45 mestari420 kernel: [    0.000000] x86/fpu: xstate_offset[2]:  576, xstate_sizes[2]:  256
Nov  8 02:22:45 mestari420 kernel: [    0.000000] x86/fpu: xstate_offset[3]:  832, xstate_sizes[3]:   64
Nov  8 02:22:45 mestari420 kernel: [    0.000000] x86/fpu: xstate_offset[4]:  896, xstate_sizes[4]:   64
Nov  8 02:22:45 mestari420 kernel: [    0.000000] x86/fpu: Enabled xstate features 0x1f, context size is 960 bytes, using 'compacted' format.
Nov  8 02:22:45 mestari420 kernel: [    0.000000] e820: BIOS-provided physical RAM map:
Nov  8 02:22:45 mestari420 mtp-probe: checking bus 1, device 4: "/sys/devices/pci0000:00/0000:00:14.0/usb1/1-10"
Nov  8 02:22:45 mestari420 kernel: [    0.000000] BIOS-e820: [mem 0x0000000000000000-0x0000000000057fff] usable
Nov  8 02:22:45 mestari420 kernel: [    0.000000] BIOS-e820: [mem 0x0000000000058000-0x0000000000058fff] reserved
Nov  8 02:22:45 mestari420 kernel: [    0.000000] BIOS-e820: [mem 0x0000000000059000-0x000000000009efff] usable
Nov  8 02:22:45 mestari420 kernel: [    0.000000] BIOS-e820: [mem 0x000000000009f000-0x000000000009ffff] reserved
Nov  8 02:22:45 mestari420 kernel: [    0.000000] BIOS-e820: [mem 0x0000000000100000-0x00000000b58cefff] usable
Nov  8 02:22:45 mestari420 kernel: [    0.000000] BIOS-e820: [mem 0x00000000b58cf000-0x00000000b58fbfff] ACPI data
Nov  8 02:22:45 mestari420 mtp-probe: checking bus 2, device 2: "/sys/devices/pci0000:00/0000:00:14.0/usb2/2-2"
Nov  8 02:22:45 mestari420 kernel: [    0.000000] BIOS-e820: [mem 0x00000000b58fc000-0x00000000b74b8fff] usable
Nov  8 02:22:45 mestari420 kernel: [    0.000000] BIOS-e820: [mem 0x00000000b74b9000-0x00000000b74b9fff] ACPI NVS
Nov  8 02:22:45 mestari420 kernel: [    0.000000] BIOS-e820: [mem 0x00000000b74ba000-0x00000000b7503fff] reserved
Nov  8 02:22:45 mestari420 mtp-probe: checking bus 1, device 8: "/sys/devices/pci0000:00/0000:00:14.0/usb1/1-5/1-5.3"
Nov  8 02:22:45 mestari420 kernel: [    0.000000] BIOS-e820: [mem 0x00000000b7504000-0x00000000b75a9fff] usable
Nov  8 02:22:45 mestari420 kernel: [    0.000000] BIOS-e820: [mem 0x00000000b75aa000-0x00000000b80bafff] reserved
Nov  8 02:22:45 mestari420 kernel: [    0.000000] BIOS-e820: [mem 0x00000000b80bb000-0x00000000bd830fff] usable
Nov  8 02:22:45 mestari420 mtp-probe: checking bus 1, device 5: "/sys/devices/pci0000:00/0000:00:14.0/usb1/1-5/1-5.2"
Nov  8 02:22:45 mestari420 kernel: [    0.000000] BIOS-e820: [mem 0x00000000bd831000-0x00000000bef42fff] reserved
Nov  8 02:22:45 mestari420 kernel: [    0.000000] BIOS-e820: [mem 0x00000000bef43000-0x00000000bef4ffff] ACPI data
Nov  8 02:22:45 mestari420 kernel: [    0.000000] BIOS-e820: [mem 0x00000000bef50000-0x00000000bf10afff] usable
Nov  8 02:22:45 mestari420 kernel: [    0.000000] BIOS-e820: [mem 0x00000000bf10b000-0x00000000bf747fff] ACPI NVS
Nov  8 02:22:45 mestari420 kernel: [    0.000000] BIOS-e820: [mem 0x00000000bf748000-0x00000000bff92fff] reserved
Nov  8 02:22:45 mestari420 mtp-probe: bus: 1, device: 8 was not an MTP device
Nov  8 02:22:45 mestari420 kernel: [    0.000000] BIOS-e820: [mem 0x00000000bff93000-0x00000000bfffefff] type 20
Nov  8 02:22:45 mestari420 kernel: [    0.000000] BIOS-e820: [mem 0x00000000bffff000-0x00000000bfffffff] usable
Nov  8 02:22:45 mestari420 kernel: [    0.000000] BIOS-e820: [mem 0x00000000c0000000-0x00000000c00fffff] reserved
Nov  8 02:22:45 mestari420 kernel: [    0.000000] BIOS-e820: [mem 0x00000000f8000000-0x00000000fbffffff] reserved
Nov  8 02:22:45 mestari420 mtp-probe: bus: 2, device: 2 was not an MTP device
Nov  8 02:22:45 mestari420 kernel: [    0.000000] BIOS-e820: [mem 0x00000000fe000000-0x00000000fe010fff] reserved
Nov  8 02:22:45 mestari420 kernel: [    0.000000] BIOS-e820: [mem 0x00000000fec00000-0x00000000fec00fff] reserved
Nov  8 02:22:45 mestari420 kernel: [    0.000000] BIOS-e820: [mem 0x00000000fee00000-0x00000000fee00fff] reserved
Nov  8 02:22:45 mestari420 kernel: [    0.000000] BIOS-e820: [mem 0x00000000ff000000-0x00000000ffffffff] reserved
Nov  8 02:22:45 mestari420 kernel: [    0.000000] BIOS-e820: [mem 0x0000000100000000-0x000000043e7fffff] usable
Nov  8 02:22:45 mestari420 mtp-probe: bus: 1, device: 6 was not an MTP device
Nov  8 02:22:45 mestari420 kernel: [    0.000000] NX (Execute Disable) protection: active
Nov  8 02:22:45 mestari420 kernel: [    0.000000] efi: EFI v2.40 by American Megatrends
Nov  8 02:22:45 mestari420 kernel: [    0.000000] efi:  ESRT=0xbfed8d98  ACPI=0xb58cf000  ACPI 2.0=0xb58cf000  SMBIOS=0xf05b0  SMBIOS 3.0=0xf05d0  MPS=0xfc9d0 
Nov  8 02:22:45 mestari420 mtp-probe: bus: 1, device: 5 was not an MTP device
Nov  8 02:22:45 mestari420 kernel: [    0.000000] SMBIOS 3.0.0 present.
Nov  8 02:22:45 mestari420 kernel: [    0.000000] DMI: System manufacturer System Product Name/Z170 PRO GAMING, BIOS 1204 01/19/2016
Nov  8 02:22:45 mestari420 kernel: [    0.000000] e820: update [mem 0x00000000-0x00000fff] usable ==> reserved
Nov  8 02:22:45 mestari420 kernel: [    0.000000] e820: remove [mem 0x000a0000-0x000fffff] usable
Nov  8 02:22:45 mestari420 kernel: [    0.000000] e820: last_pfn = 0x43e800 max_arch_pfn = 0x400000000
Nov  8 02:22:45 mestari420 mtp-probe: bus: 1, device: 4 was not an MTP device
Nov  8 02:22:45 mestari420 kernel: [    0.000000] MTRR default type: write-back
Nov  8 02:22:45 mestari420 kernel: [    0.000000] MTRR fixed ranges enabled:
Nov  8 02:22:45 mestari420 kernel: [    0.000000]   00000-9FFFF write-back
Nov  8 02:22:45 mestari420 mtp-probe: checking bus 1, device 2: "/sys/devices/pci0000:00/0000:00:14.0/usb1/1-1"
Nov  8 02:22:45 mestari420 kernel: [    0.000000]   A0000-BFFFF uncachable
Nov  8 02:22:45 mestari420 kernel: [    0.000000]   C0000-FFFFF write-protect
Nov  8 02:22:45 mestari420 kernel: [    0.000000] MTRR variable ranges enabled:
Nov  8 02:22:45 mestari420 kernel: [    0.000000]   0 base 00E0000000 mask 7FE0000000 uncachable
Nov  8 02:22:45 mestari420 kernel: [    0.000000]   1 base 00D0000000 mask 7FF0000000 uncachable
Nov  8 02:22:45 mestari420 kernel: [    0.000000]   2 base 00C8000000 mask 7FF8000000 uncachable
Nov  8 02:22:45 mestari420 kernel: [    0.000000]   3 base 00C4000000 mask 7FFC000000 uncachable
Nov  8 02:22:45 mestari420 mtp-probe: bus: 1, device: 7 was not an MTP device
Nov  8 02:22:45 mestari420 kernel: [    0.000000]   4 base 00C2000000 mask 7FFE000000 uncachable
Nov  8 02:22:45 mestari420 kernel: [    0.000000]   5 base 00C1000000 mask 7FFF000000 uncachable
Nov  8 02:22:45 mestari420 kernel: [    0.000000]   6 base 00C0800000 mask 7FFF800000 uncachable
Nov  8 02:22:45 mestari420 mtp-probe: bus: 1, device: 2 was not an MTP device
Nov  8 02:22:45 mestari420 kernel: [    0.000000]   7 disabled
Nov  8 02:22:45 mestari420 kernel: [    0.000000]   8 disabled
Nov  8 02:22:45 mestari420 kernel: [    0.000000]   9 disabled
Nov  8 02:22:45 mestari420 kernel: [    0.000000] x86/PAT: Configuration [0-7]: WB  WC  UC- UC  WB  WC  UC- WT  
Nov  8 02:22:45 mestari420 kernel: [    0.000000] e820: last_pfn = 0xc0000 max_arch_pfn = 0x400000000
Nov  8 02:22:45 mestari420 systemd[1]: Listening on Load/Save RF Kill Switch Status /dev/rfkill Watch.
Nov  8 02:22:45 mestari420 kernel: [    0.000000] found SMP MP-table at [mem 0x000fcc50-0x000fcc5f] mapped at [ffff89efc00fcc50]
Nov  8 02:22:45 mestari420 kernel: [    0.000000] esrt: Reserving ESRT space from 0x00000000bfed8d98 to 0x00000000bfed8dd0.
Nov  8 02:22:45 mestari420 systemd[1]: Reached target Sound Card.
Nov  8 02:22:45 mestari420 kernel: [    0.000000] Scanning 1 areas for low memory corruption
Nov  8 02:22:45 mestari420 kernel: [    0.000000] Base memory trampoline at [ffff89efc0096000] 96000 size 24576
Nov  8 02:22:45 mestari420 systemd-udevd[417]: Process '/usr/sbin/alsactl -E HOME=/run/alsa restore 0' failed with exit code 99.
Nov  8 02:22:45 mestari420 kernel: [    0.000000] Using GB pages for direct mapping
Nov  8 02:22:45 mestari420 kernel: [    0.000000] BRK [0x1cf428000, 0x1cf428fff] PGTABLE
Nov  8 02:22:45 mestari420 systemd[1]: Found device KINGSTON_SV300S37A120G EFI\x20system\x20partition.
Nov  8 02:22:45 mestari420 kernel: [    0.000000] BRK [0x1cf429000, 0x1cf429fff] PGTABLE
Nov  8 02:22:45 mestari420 kernel: [    0.000000] BRK [0x1cf42a000, 0x1cf42afff] PGTABLE
Nov  8 02:22:45 mestari420 kernel: [    0.000000] BRK [0x1cf42b000, 0x1cf42bfff] PGTABLE
Nov  8 02:22:45 mestari420 kernel: [    0.000000] BRK [0x1cf42c000, 0x1cf42cfff] PGTABLE
Nov  8 02:22:45 mestari420 kernel: [    0.000000] BRK [0x1cf42d000, 0x1cf42dfff] PGTABLE
Nov  8 02:22:45 mestari420 systemd[1]: Starting File System Check on /dev/disk/by-uuid/32CE-69C9...
Nov  8 02:22:45 mestari420 kernel: [    0.000000] BRK [0x1cf42e000, 0x1cf42efff] PGTABLE
Nov  8 02:22:45 mestari420 kernel: [    0.000000] BRK [0x1cf42f000, 0x1cf42ffff] PGTABLE
Nov  8 02:22:45 mestari420 kernel: [    0.000000] BRK [0x1cf430000, 0x1cf430fff] PGTABLE
Nov  8 02:22:45 mestari420 systemd[1]: Started File System Check Daemon to report status.
Nov  8 02:22:45 mestari420 kernel: [    0.000000] BRK [0x1cf431000, 0x1cf431fff] PGTABLE
Nov  8 02:22:45 mestari420 kernel: [    0.000000] BRK [0x1cf432000, 0x1cf432fff] PGTABLE
Nov  8 02:22:45 mestari420 kernel: [    0.000000] BRK [0x1cf433000, 0x1cf433fff] PGTABLE
Nov  8 02:22:45 mestari420 kernel: [    0.000000] RAMDISK: [mem 0x32fb2000-0x357d0fff]
Nov  8 02:22:45 mestari420 systemd-udevd[395]: Process '/usr/sbin/alsactl -E HOME=/run/alsa restore 1' failed with exit code 99.
Nov  8 02:22:45 mestari420 kernel: [    0.000000] ACPI: Early table checksum verification disabled
Nov  8 02:22:45 mestari420 kernel: [    0.000000] ACPI: RSDP 0x00000000B58CF000 000024 (v02 ALASKA)
Nov  8 02:22:45 mestari420 kernel: [    0.000000] ACPI: XSDT 0x00000000B58CF0A0 0000B4 (v01 ALASKA A M I    01072009 AMI  00010013)
Nov  8 02:22:45 mestari420 kernel: [    0.000000] ACPI: FACP 0x00000000B58F12C8 00010C (v05 ALASKA A M I    01072009 AMI  00010013)
Nov  8 02:22:45 mestari420 kernel: [    0.000000] ACPI: DSDT 0x00000000B58CF1E8 0220DA (v02 ALASKA A M I    01072009 INTL 20120913)
Nov  8 02:22:45 mestari420 systemd-fsck[754]: fsck.fat 3.0.28 (2015-05-16)
Nov  8 02:22:45 mestari420 kernel: [    0.000000] ACPI: FACS 0x00000000BF747F80 000040
Nov  8 02:22:45 mestari420 kernel: [    0.000000] ACPI: APIC 0x00000000B58F13D8 0000BC (v03 ALASKA A M I    01072009 AMI  00010013)
Nov  8 02:22:45 mestari420 kernel: [    0.000000] ACPI: FPDT 0x00000000B58F1498 000044 (v01 ALASKA A M I    01072009 AMI  00010013)
Nov  8 02:22:45 mestari420 kernel: [    0.000000] ACPI: FIDT 0x00000000B58F14E0 00009C (v01 ALASKA A M I    01072009 AMI  00010013)
Nov  8 02:22:45 mestari420 systemd-fsck[754]: /dev/sda2: 196 files, 29205/98304 clusters
Nov  8 02:22:45 mestari420 kernel: [    0.000000] ACPI: MCFG 0x00000000B58F1580 00003C (v01 ALASKA A M I    01072009 MSFT 00000097)
Nov  8 02:22:45 mestari420 kernel: [    0.000000] ACPI: HPET 0x00000000B58F15C0 000038 (v01 ALASKA A M I    01072009 AMI. 0005000B)
Nov  8 02:22:45 mestari420 kernel: [    0.000000] ACPI: SSDT 0x00000000B58F15F8 00036D (v01 SataRe SataTabl 00001000 INTL 20120913)
Nov  8 02:22:45 mestari420 kernel: [    0.000000] ACPI: LPIT 0x00000000B58F1968 000094 (v01 INTEL  SKL      00000000 MSFT 0000005F)
Nov  8 02:22:45 mestari420 systemd[1]: Started File System Check on /dev/disk/by-uuid/32CE-69C9.
Nov  8 02:22:45 mestari420 kernel: [    0.000000] ACPI: SSDT 0x00000000B58F1A00 000248 (v02 INTEL  sensrhub 00000000 INTL 20120913)
Nov  8 02:22:45 mestari420 kernel: [    0.000000] ACPI: SSDT 0x00000000B58F1C48 002BAE (v02 INTEL  PtidDevc 00001000 INTL 20120913)
Nov  8 02:22:45 mestari420 kernel: [    0.000000] ACPI: SSDT 0x00000000B58F47F8 000CF3 (v02 INTEL  Ther_Rvp 00001000 INTL 20120913)
Nov  8 02:22:45 mestari420 kernel: [    0.000000] ACPI: DBGP 0x00000000B58F54F0 000034 (v01 INTEL           00000000 MSFT 0000005F)
Nov  8 02:22:45 mestari420 systemd[1]: Mounting /boot/efi...
Nov  8 02:22:45 mestari420 kernel: [    0.000000] ACPI: DBG2 0x00000000B58F5528 000054 (v00 INTEL           00000000 MSFT 0000005F)
Nov  8 02:22:45 mestari420 kernel: [    0.000000] ACPI: SSDT 0x00000000B58F5580 000705 (v02 INTEL  xh_rvp08 00000000 INTL 20120913)
Nov  8 02:22:45 mestari420 kernel: [    0.000000] ACPI: SSDT 0x00000000B58F5C88 0052EA (v02 SaSsdt SaSsdt   00003000 INTL 20120913)
Nov  8 02:22:45 mestari420 systemd[1]: Mounted /boot/efi.
Nov  8 02:22:45 mestari420 systemd[1]: Reached target Local File Systems.
Nov  8 02:22:45 mestari420 systemd[1]: Starting Create Volatile Files and Directories...
Nov  8 02:22:45 mestari420 systemd[1]: Starting LSB: AppArmor initialization...
Nov  8 02:22:45 mestari420 systemd[1]: Starting Commit a transient machine-id on disk...
Nov  8 02:22:45 mestari420 systemd[1]: Starting Set console font and keymap...
Nov  8 02:22:45 mestari420 systemd[1]: Starting Tell Plymouth To Write Out Runtime Data...
Nov  8 02:22:45 mestari420 systemd-tmpfiles[779]: [/usr/lib/tmpfiles.d/var.conf:14] Duplicate line for path "/var/log", ignoring.
Nov  8 02:22:45 mestari420 systemd[1]: Started Tell Plymouth To Write Out Runtime Data.
Nov  8 02:22:45 mestari420 systemd[1]: Started Commit a transient machine-id on disk.
Nov  8 02:22:45 mestari420 systemd[1]: Started Create Volatile Files and Directories.
Nov  8 02:22:45 mestari420 systemd[1]: Starting Network Time Synchronization...
Nov  8 02:22:45 mestari420 systemd[1]: Starting Update UTMP about System Boot/Shutdown...
Nov  8 02:22:45 mestari420 systemd[1]: Started Update UTMP about System Boot/Shutdown.
Nov  8 02:22:45 mestari420 systemd[1]: Started Network Time Synchronization.
Nov  8 02:22:45 mestari420 systemd[1]: Reached target System Time Synchronized.
Nov  8 02:22:45 mestari420 systemd[1]: Found device WDC_WD20EFRX-68EUZN0 3.
Nov  8 02:22:45 mestari420 systemd[1]: Found device WDC_WD20EFRX-68EUZN0 3.
Nov  8 02:22:45 mestari420 systemd[1]: Activating swap Swap Partition...
Nov  8 02:22:45 mestari420 systemd[1]: Started Set console font and keymap.
Nov  8 02:22:45 mestari420 systemd[1]: Created slice system-getty.slice.
Nov  8 02:22:45 mestari420 systemd[1]: Activated swap Swap Partition.
Nov  8 02:22:45 mestari420 kernel: [    0.000000] ACPI: UEFI 0x00000000B58FAF78 000042 (v01                 00000000      00000000)
Nov  8 02:22:45 mestari420 kernel: [    0.000000] ACPI: SSDT 0x00000000B58FAFC0 000E58 (v02 CpuRef CpuSsdt  00003000 INTL 20120913)
Nov  8 02:22:45 mestari420 systemd[1]: Activated swap /dev/disk/by-uuid/b63998ca-8090-42ff-a38e-dec0af20dec8.
Nov  8 02:22:45 mestari420 kernel: [    0.000000] ACPI: BGRT 0x00000000B58FBE70 000038 (v01 ALASKA A M I    01072009 AMI  00010013)
Nov  8 02:22:45 mestari420 kernel: [    0.000000] ACPI: Local APIC address 0xfee00000
Nov  8 02:22:45 mestari420 kernel: [    0.000000] No NUMA configuration found
Nov  8 02:22:45 mestari420 kernel: [    0.000000] Faking a node at [mem 0x0000000000000000-0x000000043e7fffff]
Nov  8 02:22:45 mestari420 systemd[1]: Reached target Swap.
Nov  8 02:22:45 mestari420 kernel: [    0.000000] NODE_DATA(0) allocated [mem 0x43e7d4000-0x43e7fefff]
Nov  8 02:22:45 mestari420 kernel: [    0.000000] Zone ranges:
Nov  8 02:22:45 mestari420 kernel: [    0.000000]   DMA      [mem 0x0000000000001000-0x0000000000ffffff]
Nov  8 02:22:45 mestari420 systemd[1]: Received SIGRTMIN+20 from PID 470 (plymouthd).
Nov  8 02:22:45 mestari420 kernel: [    0.000000]   DMA32    [mem 0x0000000001000000-0x00000000ffffffff]
Nov  8 02:22:45 mestari420 kernel: [    0.000000]   Normal   [mem 0x0000000100000000-0x000000043e7fffff]
Nov  8 02:22:45 mestari420 kernel: [    0.000000]   Device   empty
Nov  8 02:22:45 mestari420 kernel: [    0.000000] Movable zone start for each node
Nov  8 02:22:45 mestari420 kernel: [    0.000000] Early memory node ranges
Nov  8 02:22:45 mestari420 kernel: [    0.000000]   node   0: [mem 0x0000000000001000-0x0000000000057fff]
Nov  8 02:22:45 mestari420 apparmor[780]:  * Starting AppArmor profiles
Nov  8 02:22:45 mestari420 kernel: [    0.000000]   node   0: [mem 0x0000000000059000-0x000000000009efff]
Nov  8 02:22:45 mestari420 apparmor[780]: Skipping profile in /etc/apparmor.d/disable: usr.bin.firefox
Nov  8 02:22:45 mestari420 kernel: [    0.000000]   node   0: [mem 0x0000000000100000-0x00000000b58cefff]
Nov  8 02:22:45 mestari420 kernel: [    0.000000]   node   0: [mem 0x00000000b58fc000-0x00000000b74b8fff]
Nov  8 02:22:45 mestari420 kernel: [    0.000000]   node   0: [mem 0x00000000b7504000-0x00000000b75a9fff]
Nov  8 02:22:45 mestari420 kernel: [    0.000000]   node   0: [mem 0x00000000b80bb000-0x00000000bd830fff]
Nov  8 02:22:45 mestari420 apparmor[780]: Skipping profile in /etc/apparmor.d/disable: usr.sbin.rsyslogd
Nov  8 02:22:45 mestari420 kernel: [    0.000000]   node   0: [mem 0x00000000bef50000-0x00000000bf10afff]
Nov  8 02:22:45 mestari420 kernel: [    0.000000]   node   0: [mem 0x00000000bffff000-0x00000000bfffffff]
Nov  8 02:22:45 mestari420 kernel: [    0.000000]   node   0: [mem 0x0000000100000000-0x000000043e7fffff]
Nov  8 02:22:45 mestari420 kernel: [    0.000000] Initmem setup node 0 [mem 0x0000000000001000-0x000000043e7fffff]
Nov  8 02:22:45 mestari420 apparmor[780]:    ...done.
Nov  8 02:22:45 mestari420 kernel: [    0.000000] On node 0 totalpages: 4175361
Nov  8 02:22:45 mestari420 kernel: [    0.000000]   DMA zone: 64 pages used for memmap
Nov  8 02:22:45 mestari420 systemd[1]: Started LSB: AppArmor initialization.
Nov  8 02:22:45 mestari420 kernel: [    0.000000]   DMA zone: 26 pages reserved
Nov  8 02:22:45 mestari420 kernel: [    0.000000]   DMA zone: 3997 pages, LIFO batch:0
Nov  8 02:22:45 mestari420 kernel: [    0.000000]   DMA32 zone: 12026 pages used for memmap
Nov  8 02:22:45 mestari420 kernel: [    0.000000]   DMA32 zone: 769636 pages, LIFO batch:31
Nov  8 02:22:45 mestari420 kernel: [    0.000000]   Normal zone: 53152 pages used for memmap
Nov  8 02:22:45 mestari420 systemd[1]: Reached target System Initialization.
Nov  8 02:22:45 mestari420 kernel: [    0.000000]   Normal zone: 3401728 pages, LIFO batch:31
Nov  8 02:22:45 mestari420 kernel: [    0.000000] ACPI: PM-Timer IO Port: 0x1808
Nov  8 02:22:45 mestari420 systemd[1]: Starting Socket activation for snappy daemon.
Nov  8 02:22:45 mestari420 kernel: [    0.000000] ACPI: Local APIC address 0xfee00000
Nov  8 02:22:45 mestari420 kernel: [    0.000000] ACPI: LAPIC_NMI (acpi_id[0x01] high edge lint[0x1])
Nov  8 02:22:45 mestari420 kernel: [    0.000000] ACPI: LAPIC_NMI (acpi_id[0x02] high edge lint[0x1])
Nov  8 02:22:45 mestari420 kernel: [    0.000000] ACPI: LAPIC_NMI (acpi_id[0x03] high edge lint[0x1])
Nov  8 02:22:45 mestari420 kernel: [    0.000000] ACPI: LAPIC_NMI (acpi_id[0x04] high edge lint[0x1])
Nov  8 02:22:45 mestari420 systemd[1]: Started Timer to automatically refresh installed snaps.
Nov  8 02:22:45 mestari420 kernel: [    0.000000] ACPI: LAPIC_NMI (acpi_id[0x05] high edge lint[0x1])
Nov  8 02:22:45 mestari420 kernel: [    0.000000] ACPI: LAPIC_NMI (acpi_id[0x06] high edge lint[0x1])
Nov  8 02:22:45 mestari420 kernel: [    0.000000] ACPI: LAPIC_NMI (acpi_id[0x07] high edge lint[0x1])
Nov  8 02:22:45 mestari420 kernel: [    0.000000] ACPI: LAPIC_NMI (acpi_id[0x08] high edge lint[0x1])
Nov  8 02:22:45 mestari420 systemd[1]: Listening on D-Bus System Message Bus Socket.
Nov  8 02:22:45 mestari420 kernel: [    0.000000] IOAPIC[0]: apic_id 2, version 32, address 0xfec00000, GSI 0-119
Nov  8 02:22:45 mestari420 kernel: [    0.000000] ACPI: INT_SRC_OVR (bus 0 bus_irq 0 global_irq 2 dfl dfl)
Nov  8 02:22:45 mestari420 kernel: [    0.000000] ACPI: INT_SRC_OVR (bus 0 bus_irq 9 global_irq 9 high level)
Nov  8 02:22:45 mestari420 systemd[1]: Listening on CUPS Scheduler.
Nov  8 02:22:45 mestari420 kernel: [    0.000000] ACPI: IRQ0 used by override.
Nov  8 02:22:45 mestari420 kernel: [    0.000000] ACPI: IRQ9 used by override.
Nov  8 02:22:45 mestari420 kernel: [    0.000000] Using ACPI (MADT) for SMP configuration information
Nov  8 02:22:45 mestari420 kernel: [    0.000000] ACPI: HPET id: 0x8086a701 base: 0xfed00000
Nov  8 02:22:45 mestari420 systemd[1]: Started CUPS Scheduler.
Nov  8 02:22:45 mestari420 kernel: [    0.000000] smpboot: Allowing 8 CPUs, 0 hotplug CPUs
Nov  8 02:22:45 mestari420 kernel: [    0.000000] PM: Registered nosave memory: [mem 0x00000000-0x00000fff]
Nov  8 02:22:45 mestari420 systemd[1]: Started ACPI Events Check.
Nov  8 02:22:45 mestari420 kernel: [    0.000000] PM: Registered nosave memory: [mem 0x00058000-0x00058fff]
Nov  8 02:22:45 mestari420 kernel: [    0.000000] PM: Registered nosave memory: [mem 0x0009f000-0x0009ffff]
Nov  8 02:22:45 mestari420 kernel: [    0.000000] PM: Registered nosave memory: [mem 0x000a0000-0x000fffff]
Nov  8 02:22:45 mestari420 kernel: [    0.000000] PM: Registered nosave memory: [mem 0xb58cf000-0xb58fbfff]
Nov  8 02:22:45 mestari420 systemd[1]: Reached target Paths.
Nov  8 02:22:45 mestari420 kernel: [    0.000000] PM: Registered nosave memory: [mem 0xb74b9000-0xb74b9fff]
Nov  8 02:22:45 mestari420 kernel: [    0.000000] PM: Registered nosave memory: [mem 0xb74ba000-0xb7503fff]
Nov  8 02:22:45 mestari420 kernel: [    0.000000] PM: Registered nosave memory: [mem 0xb75aa000-0xb80bafff]
Nov  8 02:22:45 mestari420 kernel: [    0.000000] PM: Registered nosave memory: [mem 0xbd831000-0xbef42fff]
Nov  8 02:22:45 mestari420 kernel: [    0.000000] PM: Registered nosave memory: [mem 0xbef43000-0xbef4ffff]
Nov  8 02:22:45 mestari420 kernel: [    0.000000] PM: Registered nosave memory: [mem 0xbf10b000-0xbf747fff]
Nov  8 02:22:45 mestari420 systemd[1]: Started Daily Cleanup of Temporary Directories.
Nov  8 02:22:45 mestari420 kernel: [    0.000000] PM: Registered nosave memory: [mem 0xbf748000-0xbff92fff]
Nov  8 02:22:45 mestari420 kernel: [    0.000000] PM: Registered nosave memory: [mem 0xbff93000-0xbfffefff]
Nov  8 02:22:45 mestari420 kernel: [    0.000000] PM: Registered nosave memory: [mem 0xc0000000-0xc00fffff]
Nov  8 02:22:45 mestari420 systemd[1]: Listening on UUID daemon activation socket.
Nov  8 02:22:45 mestari420 kernel: [    0.000000] PM: Registered nosave memory: [mem 0xc0100000-0xf7ffffff]
Nov  8 02:22:45 mestari420 systemd[1]: Listening on ACPID Listen Socket.
Nov  8 02:22:45 mestari420 kernel: [    0.000000] PM: Registered nosave memory: [mem 0xf8000000-0xfbffffff]
Nov  8 02:22:45 mestari420 kernel: [    0.000000] PM: Registered nosave memory: [mem 0xfc000000-0xfdffffff]
Nov  8 02:22:45 mestari420 kernel: [    0.000000] PM: Registered nosave memory: [mem 0xfe000000-0xfe010fff]
Nov  8 02:22:45 mestari420 systemd[1]: Listening on Avahi mDNS/DNS-SD Stack Activation Socket.
Nov  8 02:22:45 mestari420 kernel: [    0.000000] PM: Registered nosave memory: [mem 0xfe011000-0xfebfffff]
Nov  8 02:22:45 mestari420 kernel: [    0.000000] PM: Registered nosave memory: [mem 0xfec00000-0xfec00fff]
Nov  8 02:22:45 mestari420 kernel: [    0.000000] PM: Registered nosave memory: [mem 0xfec01000-0xfedfffff]
Nov  8 02:22:45 mestari420 kernel: [    0.000000] PM: Registered nosave memory: [mem 0xfee00000-0xfee00fff]
Nov  8 02:22:45 mestari420 kernel: [    0.000000] PM: Registered nosave memory: [mem 0xfee01000-0xfeffffff]
Nov  8 02:22:45 mestari420 systemd[1]: Starting Raise network interfaces...
Nov  8 02:22:45 mestari420 kernel: [    0.000000] PM: Registered nosave memory: [mem 0xff000000-0xffffffff]
Nov  8 02:22:45 mestari420 kernel: [    0.000000] e820: [mem 0xc0100000-0xf7ffffff] available for PCI devices
Nov  8 02:22:45 mestari420 kernel: [    0.000000] Booting paravirtualized kernel on bare hardware
Nov  8 02:22:45 mestari420 kernel: [    0.000000] clocksource: refined-jiffies: mask: 0xffffffff max_cycles: 0xffffffff, max_idle_ns: 7645519600211568 ns
Nov  8 02:22:45 mestari420 kernel: [    0.000000] setup_percpu: NR_CPUS:8192 nr_cpumask_bits:8 nr_cpu_ids:8 nr_node_ids:1
Nov  8 02:22:45 mestari420 kernel: [    0.000000] percpu: Embedded 36 pages/cpu @ffff89f3fe400000 s107992 r8192 d31272 u262144
Nov  8 02:22:45 mestari420 systemd[1]: Listening on Socket activation for snappy daemon.
Nov  8 02:22:45 mestari420 kernel: [    0.000000] pcpu-alloc: s107992 r8192 d31272 u262144 alloc=1*2097152
Nov  8 02:22:45 mestari420 kernel: [    0.000000] pcpu-alloc: [0] 0 1 2 3 4 5 6 7 
Nov  8 02:22:45 mestari420 kernel: [    0.000000] Built 1 zonelists in Node order, mobility grouping on.  Total pages: 4110093
Nov  8 02:22:45 mestari420 kernel: [    0.000000] Policy zone: Normal
Nov  8 02:22:45 mestari420 kernel: [    0.000000] Kernel command line: BOOT_IMAGE=/boot/vmlinuz-4.10.0-38-generic.efi.signed root=UUID=f3cda627-453a-4771-812b-e6c4f6c542f6 ro quiet splash vt.handoff=7
Nov  8 02:22:45 mestari420 systemd[1]: Reached target Sockets.
Nov  8 02:22:45 mestari420 systemd[1]: Reached target Basic System.
Nov  8 02:22:45 mestari420 kernel: [    0.000000] PID hash table entries: 4096 (order: 3, 32768 bytes)
Nov  8 02:22:45 mestari420 kernel: [    0.000000] Calgary: detecting Calgary via BIOS EBDA area
Nov  8 02:22:45 mestari420 kernel: [    0.000000] Calgary: Unable to locate Rio Grande table in EBDA - bailing!
Nov  8 02:22:45 mestari420 kernel: [    0.000000] Memory: 16193580K/16701444K available (9070K kernel code, 1667K rwdata, 3828K rodata, 2228K init, 2364K bss, 507864K reserved, 0K cma-reserved)
Nov  8 02:22:45 mestari420 kernel: [    0.000000] SLUB: HWalign=64, Order=0-3, MinObjects=0, CPUs=8, Nodes=1
Nov  8 02:22:45 mestari420 systemd[1]: Starting LSB: Record successful boot for GRUB...
Nov  8 02:22:45 mestari420 kernel: [    0.000000] Hierarchical RCU implementation.
Nov  8 02:22:45 mestari420 kernel: [    0.000000] 	Build-time adjustment of leaf fanout to 64.
Nov  8 02:22:45 mestari420 systemd[1]: Started Regular background program processing daemon.
Nov  8 02:22:45 mestari420 kernel: [    0.000000] 	RCU restricting CPUs from NR_CPUS=8192 to nr_cpu_ids=8.
Nov  8 02:22:45 mestari420 kernel: [    0.000000] RCU: Adjusting geometry for rcu_fanout_leaf=64, nr_cpu_ids=8
Nov  8 02:22:45 mestari420 kernel: [    0.000000] NR_IRQS:524544 nr_irqs:2048 16
Nov  8 02:22:45 mestari420 kernel: [    0.000000] spurious 8259A interrupt: IRQ7.
Nov  8 02:22:45 mestari420 systemd[1]: Starting Permit User Sessions...
Nov  8 02:22:45 mestari420 kernel: [    0.000000] vt handoff: transparent VT on vt#7
Nov  8 02:22:45 mestari420 kernel: [    0.000000] Console: colour dummy device 80x25
Nov  8 02:22:45 mestari420 kernel: [    0.000000] console [tty0] enabled
Nov  8 02:22:45 mestari420 kernel: [    0.000000] clocksource: hpet: mask: 0xffffffff max_cycles: 0xffffffff, max_idle_ns: 79635855245 ns
Nov  8 02:22:45 mestari420 kernel: [    0.000000] hpet clockevent registered
Nov  8 02:22:45 mestari420 systemd[1]: Starting Initialize hardware monitoring sensors...
Nov  8 02:22:45 mestari420 kernel: [    0.000000] tsc: Detected 4000.000 MHz processor
Nov  8 02:22:45 mestari420 kernel: [    0.000015] Calibrating delay loop (skipped), value calculated using timer frequency.. 8016.00 BogoMIPS (lpj=16032000)
Nov  8 02:22:45 mestari420 systemd[1]: Starting Accounts Service...
Nov  8 02:22:45 mestari420 kernel: [    0.000016] pid_max: default: 32768 minimum: 301
Nov  8 02:22:45 mestari420 kernel: [    0.000021] ACPI: Core revision 20160930
Nov  8 02:22:45 mestari420 kernel: [    0.016094] ACPI Error: [\_SB_.PCI0.XHC_.RHUB.HS11] Namespace lookup failure, AE_NOT_FOUND (20160930/dswload-210)
Nov  8 02:22:45 mestari420 kernel: [    0.016097] ACPI Exception: AE_NOT_FOUND, During name lookup/catalog (20160930/psobject-227)
Nov  8 02:22:45 mestari420 systemd[1]: Started ACPI event daemon.
Nov  8 02:22:45 mestari420 kernel: [    0.016130] ACPI Exception: AE_NOT_FOUND, (SSDT:xh_rvp08) while loading table (20160930/tbxfload-228)
Nov  8 02:22:45 mestari420 kernel: [    0.021189] ACPI Error: 1 table load failures, 7 successful (20160930/tbxfload-246)
Nov  8 02:22:45 mestari420 kernel: [    0.021671] Security Framework initialized
Nov  8 02:22:45 mestari420 systemd[1]: Starting LSB: daemon to balance interrupts for SMP systems...
Nov  8 02:22:45 mestari420 kernel: [    0.021672] Yama: becoming mindful.
Nov  8 02:22:45 mestari420 kernel: [    0.021682] AppArmor: AppArmor initialized
Nov  8 02:22:45 mestari420 kernel: [    0.022142] Dentry cache hash table entries: 2097152 (order: 12, 16777216 bytes)
Nov  8 02:22:45 mestari420 systemd[1]: Starting LSB: Set the CPU Frequency Scaling governor to "ondemand"...
Nov  8 02:22:45 mestari420 systemd[1]: Starting Avahi mDNS/DNS-SD Stack...
Nov  8 02:22:45 mestari420 systemd[1]: Started CUPS Scheduler.
Nov  8 02:22:45 mestari420 systemd[1]: Starting LSB: automatic crash report generation...
Nov  8 02:22:45 mestari420 systemd[1]: Starting Detect the available GPUs and deal with any system changes...
Nov  8 02:22:45 mestari420 systemd[1]: Starting System Logging Service...
Nov  8 02:22:45 mestari420 systemd[1]: Starting Login Service...
Nov  8 02:22:45 mestari420 systemd[1]: Starting LSB: Speech Dispatcher...
Nov  8 02:22:45 mestari420 systemd[1]: Started D-Bus System Message Bus.
Nov  8 02:22:45 mestari420 cron[923]: (CRON) INFO (pidfile fd = 3)
Nov  8 02:22:45 mestari420 acpid: starting up with netlink and the input layer
Nov  8 02:22:45 mestari420 cron[923]: (CRON) INFO (Running @reboot jobs)
Nov  8 02:22:45 mestari420 kernel: [    0.024240] Inode-cache hash table entries: 1048576 (order: 11, 8388608 bytes)
Nov  8 02:22:45 mestari420 kernel: [    0.025193] Mount-cache hash table entries: 32768 (order: 6, 262144 bytes)
Nov  8 02:22:45 mestari420 kernel: [    0.025200] Mountpoint-cache hash table entries: 32768 (order: 6, 262144 bytes)
Nov  8 02:22:45 mestari420 kernel: [    0.025383] CPU: Physical Processor ID: 0
Nov  8 02:22:45 mestari420 kernel: [    0.025383] CPU: Processor Core ID: 0
Nov  8 02:22:45 mestari420 kernel: [    0.025387] mce: CPU supports 10 MCE banks
Nov  8 02:22:45 mestari420 kernel: [    0.025393] CPU0: Thermal monitoring enabled (TM1)
Nov  8 02:22:45 mestari420 kernel: [    0.025404] process: using mwait in idle threads
Nov  8 02:22:45 mestari420 kernel: [    0.025406] Last level iTLB entries: 4KB 64, 2MB 8, 4MB 8
Nov  8 02:22:45 mestari420 kernel: [    0.025406] Last level dTLB entries: 4KB 64, 2MB 0, 4MB 0, 1GB 4
Nov  8 02:22:45 mestari420 kernel: [    0.025573] Freeing SMP alternatives memory: 32K
Nov  8 02:22:45 mestari420 kernel: [    0.028037] ftrace: allocating 34229 entries in 134 pages
Nov  8 02:22:45 mestari420 kernel: [    0.037520] smpboot: Max logical packages: 2
Nov  8 02:22:45 mestari420 kernel: [    0.038721] x2apic: IRQ remapping doesn't support X2APIC mode
Nov  8 02:22:45 mestari420 kernel: [    0.041914] ..TIMER: vector=0x30 apic1=0 pin1=2 apic2=0 pin2=0
Nov  8 02:22:45 mestari420 kernel: [    0.081602] TSC deadline timer enabled
Nov  8 02:22:45 mestari420 kernel: [    0.081607] smpboot: CPU0: Intel(R) Core(TM) i7-6700K CPU @ 4.00GHz (family: 0x6, model: 0x5e, stepping: 0x3)
Nov  8 02:22:45 mestari420 kernel: [    0.081633] Performance Events: PEBS fmt3+, Skylake events, 32-deep LBR, full-width counters, Intel PMU driver.
Nov  8 02:22:45 mestari420 kernel: [    0.081650] ... version:                4
Nov  8 02:22:45 mestari420 kernel: [    0.081650] ... bit width:              48
Nov  8 02:22:45 mestari420 kernel: [    0.081650] ... generic registers:      4
Nov  8 02:22:45 mestari420 kernel: [    0.081651] ... value mask:             0000ffffffffffff
Nov  8 02:22:45 mestari420 kernel: [    0.081651] ... max period:             00007fffffffffff
Nov  8 02:22:45 mestari420 kernel: [    0.081651] ... fixed-purpose events:   3
Nov  8 02:22:45 mestari420 kernel: [    0.081651] ... event mask:             000000070000000f
Nov  8 02:22:45 mestari420 kernel: [    0.082154] NMI watchdog: enabled on all CPUs, permanently consumes one hw-PMU counter.
Nov  8 02:22:45 mestari420 kernel: [    0.082160] smp: Bringing up secondary CPUs ...
Nov  8 02:22:45 mestari420 kernel: [    0.082194] x86: Booting SMP configuration:
Nov  8 02:22:45 mestari420 kernel: [    0.082195] .... node  #0, CPUs:      #1 #2 #3 #4 #5 #6 #7
Nov  8 02:22:45 mestari420 kernel: [    0.085386] smp: Brought up 1 node, 8 CPUs
Nov  8 02:22:45 mestari420 kernel: [    0.085387] smpboot: Total of 8 processors activated (64128.00 BogoMIPS)
Nov  8 02:22:45 mestari420 kernel: [    0.091391] devtmpfs: initialized
Nov  8 02:22:45 mestari420 kernel: [    0.091423] x86/mm: Memory block size: 128MB
Nov  8 02:22:45 mestari420 kernel: [    0.092997] evm: security.selinux
Nov  8 02:22:45 mestari420 kernel: [    0.092998] evm: security.SMACK64
Nov  8 02:22:45 mestari420 kernel: [    0.092998] evm: security.SMACK64EXEC
Nov  8 02:22:45 mestari420 kernel: [    0.092998] evm: security.SMACK64TRANSMUTE
Nov  8 02:22:45 mestari420 kernel: [    0.092998] evm: security.SMACK64MMAP
Nov  8 02:22:45 mestari420 kernel: [    0.092999] evm: security.ima
Nov  8 02:22:45 mestari420 kernel: [    0.092999] evm: security.capability
Nov  8 02:22:45 mestari420 kernel: [    0.093031] PM: Registering ACPI NVS region [mem 0xb74b9000-0xb74b9fff] (4096 bytes)
Nov  8 02:22:45 mestari420 kernel: [    0.093031] PM: Registering ACPI NVS region [mem 0xbf10b000-0xbf747fff] (6541312 bytes)
Nov  8 02:22:45 mestari420 kernel: [    0.093107] clocksource: jiffies: mask: 0xffffffff max_cycles: 0xffffffff, max_idle_ns: 7645041785100000 ns
Nov  8 02:22:45 mestari420 kernel: [    0.093113] futex hash table entries: 2048 (order: 5, 131072 bytes)
Nov  8 02:22:45 mestari420 kernel: [    0.093147] pinctrl core: initialized pinctrl subsystem
Nov  8 02:22:45 mestari420 kernel: [    0.093279] RTC time:  0:22:33, date: 11/08/17
Nov  8 02:22:45 mestari420 kernel: [    0.093326] NET: Registered protocol family 16
Nov  8 02:22:45 mestari420 kernel: [    0.107079] cpuidle: using governor ladder
Nov  8 02:22:45 mestari420 kernel: [    0.123091] cpuidle: using governor menu
Nov  8 02:22:45 mestari420 kernel: [    0.123094] PCCT header not found.
Nov  8 02:22:45 mestari420 kernel: [    0.123180] ACPI FADT declares the system doesn't support PCIe ASPM, so disable it
Nov  8 02:22:45 mestari420 kernel: [    0.123181] ACPI: bus type PCI registered
Nov  8 02:22:45 mestari420 kernel: [    0.123182] acpiphp: ACPI Hot Plug PCI Controller Driver version: 0.5
Nov  8 02:22:45 mestari420 kernel: [    0.123217] PCI: MMCONFIG for domain 0000 [bus 00-3f] at [mem 0xf8000000-0xfbffffff] (base 0xf8000000)
Nov  8 02:22:45 mestari420 kernel: [    0.123219] PCI: MMCONFIG at [mem 0xf8000000-0xfbffffff] reserved in E820
Nov  8 02:22:45 mestari420 kernel: [    0.123224] PCI: Using configuration type 1 for base access
Nov  8 02:22:45 mestari420 kernel: [    0.143225] HugeTLB registered 1 GB page size, pre-allocated 0 pages
Nov  8 02:22:45 mestari420 kernel: [    0.143226] HugeTLB registered 2 MB page size, pre-allocated 0 pages
Nov  8 02:22:45 mestari420 kernel: [    0.143345] ACPI: Added _OSI(Module Device)
Nov  8 02:22:45 mestari420 kernel: [    0.143345] ACPI: Added _OSI(Processor Device)
Nov  8 02:22:45 mestari420 kernel: [    0.143345] ACPI: Added _OSI(3.0 _SCP Extensions)
Nov  8 02:22:45 mestari420 kernel: [    0.143346] ACPI: Added _OSI(Processor Aggregator Device)
Nov  8 02:22:45 mestari420 kernel: [    0.144113] ACPI: Executed 24 blocks of module-level executable AML code
Nov  8 02:22:45 mestari420 kernel: [    0.149800] ACPI: [Firmware Bug]: BIOS _OSI(Linux) query ignored
Nov  8 02:22:45 mestari420 kernel: [    0.152117] ACPI: Dynamic OEM Table Load:
Nov  8 02:22:45 mestari420 kernel: [    0.152120] ACPI: SSDT 0xFFFF89F3EBB14800 0007AA (v02 PmRef  Cpu0Ist  00003000 INTL 20120913)
Nov  8 02:22:45 mestari420 kernel: [    0.152288] ACPI: \_PR_.CPU0: _OSC native thermal LVT Acked
Nov  8 02:22:45 mestari420 kernel: [    0.153304] ACPI: Dynamic OEM Table Load:
Nov  8 02:22:45 mestari420 kernel: [    0.153306] ACPI: SSDT 0xFFFF89F3EB467000 00037F (v02 PmRef  Cpu0Cst  00003001 INTL 20120913)
Nov  8 02:22:45 mestari420 kernel: [    0.153914] ACPI: Dynamic OEM Table Load:
Nov  8 02:22:45 mestari420 kernel: [    0.153917] ACPI: SSDT 0xFFFF89F3EB8A2800 0005AA (v02 PmRef  ApIst    00003000 INTL 20120913)
Nov  8 02:22:45 mestari420 kernel: [    0.154216] ACPI: Dynamic OEM Table Load:
Nov  8 02:22:45 mestari420 kernel: [    0.154218] ACPI: SSDT 0xFFFF89F3EB5FD800 000119 (v02 PmRef  ApCst    00003000 INTL 20120913)
Nov  8 02:22:45 mestari420 kernel: [    0.157677] ACPI : EC: EC started
Nov  8 02:22:45 mestari420 kernel: [    0.157677] ACPI : EC: interrupt blocked
Nov  8 02:22:45 mestari420 kernel: [    0.157686] ACPI: \_SB_.PCI0.LPCB.EC0_: Used as first EC
Nov  8 02:22:45 mestari420 kernel: [    0.157686] ACPI: \_SB_.PCI0.LPCB.EC0_: GPE=0x23, EC_CMD/EC_SC=0x66, EC_DATA=0x62
Nov  8 02:22:45 mestari420 kernel: [    0.157687] ACPI: \_SB_.PCI0.LPCB.EC0_: Used as boot DSDT EC to handle transactions
Nov  8 02:22:45 mestari420 kernel: [    0.157687] ACPI: Interpreter enabled
Nov  8 02:22:45 mestari420 kernel: [    0.157712] ACPI: (supports S0 S3 S4 S5)
Nov  8 02:22:45 mestari420 kernel: [    0.157712] ACPI: Using IOAPIC for interrupt routing
Nov  8 02:22:45 mestari420 kernel: [    0.157736] PCI: Using host bridge windows from ACPI; if necessary, use "pci=nocrs" and report a bug
Nov  8 02:22:45 mestari420 kernel: [    0.159086] ACPI: Power Resource [PG00] (on)
Nov  8 02:22:45 mestari420 kernel: [    0.159324] ACPI: Power Resource [PG01] (on)
Nov  8 02:22:45 mestari420 kernel: [    0.159541] ACPI: Power Resource [PG02] (on)
Nov  8 02:22:45 mestari420 kernel: [    0.161029] ACPI: Power Resource [WRST] (off)
Nov  8 02:22:45 mestari420 kernel: [    0.161261] ACPI: Power Resource [WRST] (off)
Nov  8 02:22:45 mestari420 kernel: [    0.161490] ACPI: Power Resource [WRST] (off)
Nov  8 02:22:45 mestari420 kernel: [    0.161721] ACPI: Power Resource [WRST] (off)
Nov  8 02:22:45 mestari420 kernel: [    0.161950] ACPI: Power Resource [WRST] (off)
Nov  8 02:22:45 mestari420 kernel: [    0.162179] ACPI: Power Resource [WRST] (off)
Nov  8 02:22:45 mestari420 kernel: [    0.162408] ACPI: Power Resource [WRST] (off)
Nov  8 02:22:45 mestari420 kernel: [    0.162638] ACPI: Power Resource [WRST] (off)
Nov  8 02:22:45 mestari420 kernel: [    0.162866] ACPI: Power Resource [WRST] (off)
Nov  8 02:22:45 mestari420 kernel: [    0.163094] ACPI: Power Resource [WRST] (off)
Nov  8 02:22:45 mestari420 kernel: [    0.163326] ACPI: Power Resource [WRST] (off)
Nov  8 02:22:45 mestari420 kernel: [    0.163555] ACPI: Power Resource [WRST] (off)
Nov  8 02:22:45 mestari420 kernel: [    0.163783] ACPI: Power Resource [WRST] (off)
Nov  8 02:22:45 mestari420 kernel: [    0.164018] ACPI: Power Resource [WRST] (off)
Nov  8 02:22:45 mestari420 kernel: [    0.164249] ACPI: Power Resource [WRST] (off)
Nov  8 02:22:45 mestari420 kernel: [    0.164477] ACPI: Power Resource [WRST] (off)
Nov  8 02:22:45 mestari420 kernel: [    0.164705] ACPI: Power Resource [WRST] (off)
Nov  8 02:22:45 mestari420 kernel: [    0.164934] ACPI: Power Resource [WRST] (off)
Nov  8 02:22:45 mestari420 kernel: [    0.165162] ACPI: Power Resource [WRST] (off)
Nov  8 02:22:45 mestari420 kernel: [    0.165391] ACPI: Power Resource [WRST] (off)
Nov  8 02:22:45 mestari420 kernel: [    0.169756] ACPI: Power Resource [FN00] (off)
Nov  8 02:22:45 mestari420 kernel: [    0.169796] ACPI: Power Resource [FN01] (off)
Nov  8 02:22:45 mestari420 kernel: [    0.169834] ACPI: Power Resource [FN02] (off)
Nov  8 02:22:45 mestari420 kernel: [    0.169872] ACPI: Power Resource [FN03] (off)
Nov  8 02:22:45 mestari420 kernel: [    0.169910] ACPI: Power Resource [FN04] (off)
Nov  8 02:22:45 mestari420 kernel: [    0.170621] ACPI: PCI Root Bridge [PCI0] (domain 0000 [bus 00-3e])
Nov  8 02:22:45 mestari420 kernel: [    0.170624] acpi PNP0A08:00: _OSC: OS supports [ExtendedConfig ASPM ClockPM Segments MSI]
Nov  8 02:22:45 mestari420 kernel: [    0.170643] acpi PNP0A08:00: _OSC failed (AE_ERROR); disabling ASPM
Nov  8 02:22:45 mestari420 kernel: [    0.171049] PCI host bridge to bus 0000:00
Nov  8 02:22:45 mestari420 kernel: [    0.171050] pci_bus 0000:00: root bus resource [io  0x0000-0x0cf7 window]
Nov  8 02:22:45 mestari420 kernel: [    0.171051] pci_bus 0000:00: root bus resource [io  0x0d00-0xffff window]
Nov  8 02:22:45 mestari420 kernel: [    0.171052] pci_bus 0000:00: root bus resource [mem 0x000a0000-0x000bffff window]
Nov  8 02:22:45 mestari420 kernel: [    0.171052] pci_bus 0000:00: root bus resource [mem 0xc0800000-0xf7ffffff window]
Nov  8 02:22:45 mestari420 kernel: [    0.171053] pci_bus 0000:00: root bus resource [mem 0xfd000000-0xfe7fffff window]
Nov  8 02:22:45 mestari420 kernel: [    0.171053] pci_bus 0000:00: root bus resource [bus 00-3e]
Nov  8 02:22:45 mestari420 kernel: [    0.171057] pci 0000:00:00.0: [8086:191f] type 00 class 0x060000
Nov  8 02:22:45 mestari420 kernel: [    0.171257] pci 0000:00:01.0: [8086:1901] type 01 class 0x060400
Nov  8 02:22:45 mestari420 kernel: [    0.171281] pci 0000:00:01.0: PME# supported from D0 D3hot D3cold
Nov  8 02:22:45 mestari420 kernel: [    0.171355] pci 0000:00:01.0: System wakeup disabled by ACPI
Nov  8 02:22:45 mestari420 kernel: [    0.171456] pci 0000:00:14.0: [8086:a12f] type 00 class 0x0c0330
Nov  8 02:22:45 mestari420 kernel: [    0.171470] pci 0000:00:14.0: reg 0x10: [mem 0xf7230000-0xf723ffff 64bit]
Nov  8 02:22:45 mestari420 kernel: [    0.171522] pci 0000:00:14.0: PME# supported from D3hot D3cold
Nov  8 02:22:45 mestari420 kernel: [    0.171586] pci 0000:00:14.0: System wakeup disabled by ACPI
Nov  8 02:22:45 mestari420 kernel: [    0.171629] pci 0000:00:16.0: [8086:a13a] type 00 class 0x078000
Nov  8 02:22:45 mestari420 kernel: [    0.171646] pci 0000:00:16.0: reg 0x10: [mem 0xf724d000-0xf724dfff 64bit]
Nov  8 02:22:45 mestari420 kernel: [    0.171703] pci 0000:00:16.0: PME# supported from D3hot
Nov  8 02:22:45 mestari420 kernel: [    0.171800] pci 0000:00:17.0: [8086:a102] type 00 class 0x010601
Nov  8 02:22:45 mestari420 kernel: [    0.171810] pci 0000:00:17.0: reg 0x10: [mem 0xf7248000-0xf7249fff]
Nov  8 02:22:45 mestari420 kernel: [    0.171815] pci 0000:00:17.0: reg 0x14: [mem 0xf724c000-0xf724c0ff]
Nov  8 02:22:45 mestari420 kernel: [    0.171821] pci 0000:00:17.0: reg 0x18: [io  0xf050-0xf057]
Nov  8 02:22:45 mestari420 kernel: [    0.171826] pci 0000:00:17.0: reg 0x1c: [io  0xf040-0xf043]
Nov  8 02:22:45 mestari420 kernel: [    0.171831] pci 0000:00:17.0: reg 0x20: [io  0xf020-0xf03f]
Nov  8 02:22:45 mestari420 kernel: [    0.171836] pci 0000:00:17.0: reg 0x24: [mem 0xf724b000-0xf724b7ff]
Nov  8 02:22:45 mestari420 kernel: [    0.171866] pci 0000:00:17.0: PME# supported from D3hot
Nov  8 02:22:45 mestari420 kernel: [    0.171951] pci 0000:00:1b.0: [8086:a167] type 01 class 0x060400
Nov  8 02:22:45 mestari420 kernel: [    0.171998] pci 0000:00:1b.0: PME# supported from D0 D3hot D3cold
Nov  8 02:22:45 mestari420 kernel: [    0.172069] pci 0000:00:1b.0: System wakeup disabled by ACPI
Nov  8 02:22:45 mestari420 kernel: [    0.172112] pci 0000:00:1c.0: [8086:a110] type 01 class 0x060400
Nov  8 02:22:45 mestari420 kernel: [    0.172156] pci 0000:00:1c.0: PME# supported from D0 D3hot D3cold
Nov  8 02:22:45 mestari420 kernel: [    0.172230] pci 0000:00:1c.0: System wakeup disabled by ACPI
Nov  8 02:22:45 mestari420 kernel: [    0.172274] pci 0000:00:1d.0: [8086:a118] type 01 class 0x060400
Nov  8 02:22:45 mestari420 kernel: [    0.172321] pci 0000:00:1d.0: PME# supported from D0 D3hot D3cold
Nov  8 02:22:45 mestari420 kernel: [    0.172390] pci 0000:00:1d.0: System wakeup disabled by ACPI
Nov  8 02:22:45 mestari420 kernel: [    0.172434] pci 0000:00:1f.0: [8086:a145] type 00 class 0x060100
Nov  8 02:22:45 mestari420 kernel: [    0.172596] pci 0000:00:1f.2: [8086:a121] type 00 class 0x058000
Nov  8 02:22:45 mestari420 kernel: [    0.172605] pci 0000:00:1f.2: reg 0x10: [mem 0xf7244000-0xf7247fff]
Nov  8 02:22:45 mestari420 kernel: [    0.172722] pci 0000:00:1f.3: [8086:a170] type 00 class 0x040300
Nov  8 02:22:45 mestari420 kernel: [    0.172741] pci 0000:00:1f.3: reg 0x10: [mem 0xf7240000-0xf7243fff 64bit]
Nov  8 02:22:45 mestari420 kernel: [    0.172767] pci 0000:00:1f.3: reg 0x20: [mem 0xf7220000-0xf722ffff 64bit]
Nov  8 02:22:45 mestari420 kernel: [    0.172807] pci 0000:00:1f.3: PME# supported from D3hot D3cold
Nov  8 02:22:45 mestari420 kernel: [    0.172907] pci 0000:00:1f.3: System wakeup disabled by ACPI
Nov  8 02:22:45 mestari420 kernel: [    0.172933] pci 0000:00:1f.4: [8086:a123] type 00 class 0x0c0500
Nov  8 02:22:45 mestari420 kernel: [    0.172979] pci 0000:00:1f.4: reg 0x10: [mem 0xf724a000-0xf724a0ff 64bit]
Nov  8 02:22:45 mestari420 kernel: [    0.173048] pci 0000:00:1f.4: reg 0x20: [io  0xf000-0xf01f]
Nov  8 02:22:45 mestari420 kernel: [    0.173200] pci 0000:00:1f.6: [8086:15b8] type 00 class 0x020000
Nov  8 02:22:45 mestari420 kernel: [    0.173218] pci 0000:00:1f.6: reg 0x10: [mem 0xf7200000-0xf721ffff]
Nov  8 02:22:45 mestari420 kernel: [    0.173311] pci 0000:00:1f.6: PME# supported from D0 D3hot D3cold
Nov  8 02:22:45 mestari420 kernel: [    0.173377] pci 0000:00:1f.6: System wakeup disabled by ACPI
Nov  8 02:22:45 mestari420 kernel: [    0.173420] pci 0000:01:00.0: [10de:17c8] type 00 class 0x030000
Nov  8 02:22:45 mestari420 kernel: [    0.173429] pci 0000:01:00.0: reg 0x10: [mem 0xf6000000-0xf6ffffff]
Nov  8 02:22:45 mestari420 kernel: [    0.173437] pci 0000:01:00.0: reg 0x14: [mem 0xe0000000-0xefffffff 64bit pref]
Nov  8 02:22:45 mestari420 kernel: [    0.173444] pci 0000:01:00.0: reg 0x1c: [mem 0xf0000000-0xf1ffffff 64bit pref]
Nov  8 02:22:45 mestari420 kernel: [    0.173449] pci 0000:01:00.0: reg 0x24: [io  0xe000-0xe07f]
Nov  8 02:22:45 mestari420 kernel: [    0.173455] pci 0000:01:00.0: reg 0x30: [mem 0xf7000000-0xf707ffff pref]
Nov  8 02:22:45 mestari420 kernel: [    0.173511] pci 0000:01:00.0: System wakeup disabled by ACPI
Nov  8 02:22:45 mestari420 kernel: [    0.173533] pci 0000:01:00.1: [10de:0fb0] type 00 class 0x040300
Nov  8 02:22:45 mestari420 kernel: [    0.173541] pci 0000:01:00.1: reg 0x10: [mem 0xf7080000-0xf7083fff]
Nov  8 02:22:45 mestari420 kernel: [    0.173625] pci 0000:00:01.0: PCI bridge to [bus 01]
Nov  8 02:22:45 mestari420 kernel: [    0.173627] pci 0000:00:01.0:   bridge window [io  0xe000-0xefff]
Nov  8 02:22:45 mestari420 kernel: [    0.173628] pci 0000:00:01.0:   bridge window [mem 0xf6000000-0xf70fffff]
Nov  8 02:22:45 mestari420 kernel: [    0.173630] pci 0000:00:01.0:   bridge window [mem 0xe0000000-0xf1ffffff 64bit pref]
Nov  8 02:22:45 mestari420 kernel: [    0.173668] acpiphp: Slot [1] registered
Nov  8 02:22:45 mestari420 kernel: [    0.173677] pci 0000:00:1b.0: PCI bridge to [bus 02]
Nov  8 02:22:45 mestari420 kernel: [    0.173725] pci 0000:03:00.0: [1b21:1242] type 00 class 0x0c0330
Nov  8 02:22:45 mestari420 kernel: [    0.173743] pci 0000:03:00.0: reg 0x10: [mem 0xf7100000-0xf7107fff 64bit]
Nov  8 02:22:45 mestari420 kernel: [    0.173841] pci 0000:03:00.0: PME# supported from D3hot D3cold
Nov  8 02:22:45 mestari420 kernel: [    0.173878] pci 0000:03:00.0: System wakeup disabled by ACPI
Nov  8 02:22:45 mestari420 kernel: [    0.173897] pci 0000:00:1c.0: PCI bridge to [bus 03]
Nov  8 02:22:45 mestari420 kernel: [    0.173900] pci 0000:00:1c.0:   bridge window [mem 0xf7100000-0xf71fffff]
Nov  8 02:22:45 mestari420 kernel: [    0.173940] acpiphp: Slot [1-1] registered
Nov  8 02:22:45 mestari420 kernel: [    0.173942] pci 0000:00:1d.0: PCI bridge to [bus 04]
Nov  8 02:22:45 mestari420 kernel: [    0.175199] ACPI: PCI Interrupt Link [LNKA] (IRQs 3 4 5 6 10 *11 12 14 15)
Nov  8 02:22:45 mestari420 kernel: [    0.175230] ACPI: PCI Interrupt Link [LNKB] (IRQs 3 4 5 6 *10 11 12 14 15)
Nov  8 02:22:45 mestari420 kernel: [    0.175260] ACPI: PCI Interrupt Link [LNKC] (IRQs 3 4 5 6 10 11 12 14 15) *0
Nov  8 02:22:45 mestari420 kernel: [    0.175290] ACPI: PCI Interrupt Link [LNKD] (IRQs 3 4 5 6 10 11 12 14 15) *0
Nov  8 02:22:45 mestari420 kernel: [    0.175320] ACPI: PCI Interrupt Link [LNKE] (IRQs 3 4 5 6 10 11 12 14 15) *0
Nov  8 02:22:45 mestari420 kernel: [    0.175350] ACPI: PCI Interrupt Link [LNKF] (IRQs 3 4 5 6 10 11 12 14 15) *0
Nov  8 02:22:45 mestari420 kernel: [    0.175380] ACPI: PCI Interrupt Link [LNKG] (IRQs 3 4 5 6 10 11 12 14 15) *0
Nov  8 02:22:45 mestari420 kernel: [    0.175410] ACPI: PCI Interrupt Link [LNKH] (IRQs 3 4 5 6 10 11 12 14 15) *0
Nov  8 02:22:45 mestari420 kernel: [    0.175651] ACPI: Enabled 6 GPEs in block 00 to 7F
Nov  8 02:22:45 mestari420 kernel: [    0.175668] ACPI : EC: interrupt unblocked
Nov  8 02:22:45 mestari420 kernel: [    0.175680] ACPI : EC: event unblocked
Nov  8 02:22:45 mestari420 kernel: [    0.175689] ACPI: \_SB_.PCI0.LPCB.EC0_: GPE=0x23, EC_CMD/EC_SC=0x66, EC_DATA=0x62
Nov  8 02:22:45 mestari420 kernel: [    0.175690] ACPI: \_SB_.PCI0.LPCB.EC0_: Used as boot DSDT EC to handle transactions and events
Nov  8 02:22:45 mestari420 kernel: [    0.175868] SCSI subsystem initialized
Nov  8 02:22:45 mestari420 kernel: [    0.175886] libata version 3.00 loaded.
Nov  8 02:22:45 mestari420 kernel: [    0.175902] pci 0000:01:00.0: vgaarb: setting as boot VGA device
Nov  8 02:22:45 mestari420 kernel: [    0.175903] pci 0000:01:00.0: vgaarb: VGA device added: decodes=io+mem,owns=io+mem,locks=none
Nov  8 02:22:45 mestari420 kernel: [    0.175903] pci 0000:01:00.0: vgaarb: bridge control possible
Nov  8 02:22:45 mestari420 kernel: [    0.175903] vgaarb: loaded
Nov  8 02:22:45 mestari420 kernel: [    0.175912] ACPI: bus type USB registered
Nov  8 02:22:45 mestari420 kernel: [    0.175919] usbcore: registered new interface driver usbfs
Nov  8 02:22:45 mestari420 kernel: [    0.175923] usbcore: registered new interface driver hub
Nov  8 02:22:45 mestari420 kernel: [    0.175933] usbcore: registered new device driver usb
Nov  8 02:22:45 mestari420 kernel: [    0.175969] Registered efivars operations
Nov  8 02:22:45 mestari420 kernel: [    0.180374] PCI: Using ACPI for IRQ routing
Nov  8 02:22:45 mestari420 kernel: [    0.186934] PCI: pci_cache_line_size set to 64 bytes
Nov  8 02:22:45 mestari420 kernel: [    0.186975] e820: reserve RAM buffer [mem 0x00058000-0x0005ffff]
Nov  8 02:22:45 mestari420 kernel: [    0.186975] e820: reserve RAM buffer [mem 0x0009f000-0x0009ffff]
Nov  8 02:22:45 mestari420 kernel: [    0.186976] e820: reserve RAM buffer [mem 0xb58cf000-0xb7ffffff]
Nov  8 02:22:45 mestari420 kernel: [    0.186976] e820: reserve RAM buffer [mem 0xb74b9000-0xb7ffffff]
Nov  8 02:22:45 mestari420 kernel: [    0.186977] e820: reserve RAM buffer [mem 0xb75aa000-0xb7ffffff]
Nov  8 02:22:45 mestari420 kernel: [    0.186977] e820: reserve RAM buffer [mem 0xbd831000-0xbfffffff]
Nov  8 02:22:45 mestari420 kernel: [    0.186978] e820: reserve RAM buffer [mem 0xbf10b000-0xbfffffff]
Nov  8 02:22:45 mestari420 kernel: [    0.186978] e820: reserve RAM buffer [mem 0x43e800000-0x43fffffff]
Nov  8 02:22:45 mestari420 kernel: [    0.187023] NetLabel: Initializing
Nov  8 02:22:45 mestari420 kernel: [    0.187024] NetLabel:  domain hash size = 128
Nov  8 02:22:45 mestari420 kernel: [    0.187024] NetLabel:  protocols = UNLABELED CIPSOv4 CALIPSO
Nov  8 02:22:45 mestari420 kernel: [    0.187032] NetLabel:  unlabeled traffic allowed by default
Nov  8 02:22:45 mestari420 kernel: [    0.187107] hpet0: at MMIO 0xfed00000, IRQs 2, 8, 0, 0, 0, 0, 0, 0
Nov  8 02:22:45 mestari420 kernel: [    0.187109] hpet0: 8 comparators, 64-bit 24.000000 MHz counter
Nov  8 02:22:45 mestari420 kernel: [    0.189149] clocksource: Switched to clocksource hpet
Nov  8 02:22:45 mestari420 kernel: [    0.193322] VFS: Disk quotas dquot_6.6.0
Nov  8 02:22:45 mestari420 kernel: [    0.193330] VFS: Dquot-cache hash table entries: 512 (order 0, 4096 bytes)
Nov  8 02:22:45 mestari420 kernel: [    0.193382] AppArmor: AppArmor Filesystem Enabled
Nov  8 02:22:45 mestari420 kernel: [    0.193400] pnp: PnP ACPI init
Nov  8 02:22:45 mestari420 kernel: [    0.193517] system 00:00: [io  0x0290-0x029f] has been reserved
Nov  8 02:22:45 mestari420 kernel: [    0.193519] system 00:00: Plug and Play ACPI device, IDs PNP0c02 (active)
Nov  8 02:22:45 mestari420 kernel: [    0.193748] pnp 00:01: [dma 0 disabled]
Nov  8 02:22:45 mestari420 kernel: [    0.193770] pnp 00:01: Plug and Play ACPI device, IDs PNP0501 (active)
Nov  8 02:22:45 mestari420 kernel: [    0.193895] system 00:02: [io  0x0680-0x069f] has been reserved
Nov  8 02:22:45 mestari420 kernel: [    0.193896] system 00:02: [io  0xffff] has been reserved
Nov  8 02:22:45 mestari420 kernel: [    0.193897] system 00:02: [io  0xffff] has been reserved
Nov  8 02:22:45 mestari420 kernel: [    0.193897] system 00:02: [io  0xffff] has been reserved
Nov  8 02:22:45 mestari420 kernel: [    0.193898] system 00:02: [io  0x1800-0x18fe] has been reserved
Nov  8 02:22:45 mestari420 kernel: [    0.193898] system 00:02: [io  0x164e-0x164f] has been reserved
Nov  8 02:22:45 mestari420 kernel: [    0.193899] system 00:02: Plug and Play ACPI device, IDs PNP0c02 (active)
Nov  8 02:22:45 mestari420 kernel: [    0.193951] system 00:03: [io  0x0800-0x087f] has been reserved
Nov  8 02:22:45 mestari420 kernel: [    0.193952] system 00:03: Plug and Play ACPI device, IDs PNP0c02 (active)
Nov  8 02:22:45 mestari420 kernel: [    0.193961] pnp 00:04: Plug and Play ACPI device, IDs PNP0b00 (active)
Nov  8 02:22:45 mestari420 kernel: [    0.193980] system 00:05: [io  0x1854-0x1857] has been reserved
Nov  8 02:22:45 mestari420 kernel: [    0.193981] system 00:05: Plug and Play ACPI device, IDs INT3f0d PNP0c02 (active)
Nov  8 02:22:45 mestari420 kernel: [    0.194100] system 00:06: [mem 0xfed10000-0xfed17fff] has been reserved
Nov  8 02:22:45 mestari420 kernel: [    0.194101] system 00:06: [mem 0xfed18000-0xfed18fff] has been reserved
Nov  8 02:22:45 mestari420 kernel: [    0.194102] system 00:06: [mem 0xfed19000-0xfed19fff] has been reserved
Nov  8 02:22:45 mestari420 kernel: [    0.194103] system 00:06: [mem 0xf8000000-0xfbffffff] has been reserved
Nov  8 02:22:45 mestari420 kernel: [    0.194103] system 00:06: [mem 0xfed20000-0xfed3ffff] has been reserved
Nov  8 02:22:45 mestari420 kernel: [    0.194104] system 00:06: [mem 0xfed90000-0xfed93fff] has been reserved
Nov  8 02:22:45 mestari420 kernel: [    0.194104] system 00:06: [mem 0xfed45000-0xfed8ffff] has been reserved
Nov  8 02:22:45 mestari420 kernel: [    0.194105] system 00:06: [mem 0xff000000-0xffffffff] has been reserved
Nov  8 02:22:45 mestari420 kernel: [    0.194106] system 00:06: [mem 0xfee00000-0xfeefffff] could not be reserved
Nov  8 02:22:45 mestari420 kernel: [    0.194106] system 00:06: [mem 0xf7fc0000-0xf7fdffff] has been reserved
Nov  8 02:22:45 mestari420 kernel: [    0.194107] system 00:06: Plug and Play ACPI device, IDs PNP0c02 (active)
Nov  8 02:22:45 mestari420 kernel: [    0.194128] system 00:07: [mem 0xfd000000-0xfdabffff] has been reserved
Nov  8 02:22:45 mestari420 kernel: [    0.194128] system 00:07: [mem 0xfdad0000-0xfdadffff] has been reserved
Nov  8 02:22:45 mestari420 kernel: [    0.194129] system 00:07: [mem 0xfdb00000-0xfdffffff] has been reserved
Nov  8 02:22:45 mestari420 kernel: [    0.194129] system 00:07: [mem 0xfe000000-0xfe01ffff] could not be reserved
Nov  8 02:22:45 mestari420 kernel: [    0.194130] system 00:07: [mem 0xfe036000-0xfe03bfff] has been reserved
Nov  8 02:22:45 mestari420 kernel: [    0.194131] system 00:07: [mem 0xfe03d000-0xfe3fffff] has been reserved
Nov  8 02:22:45 mestari420 kernel: [    0.194131] system 00:07: [mem 0xfe410000-0xfe7fffff] has been reserved
Nov  8 02:22:45 mestari420 kernel: [    0.194132] system 00:07: Plug and Play ACPI device, IDs PNP0c02 (active)
Nov  8 02:22:45 mestari420 kernel: [    0.194301] system 00:08: [io  0xfe00-0xfefe] has been reserved
Nov  8 02:22:45 mestari420 kernel: [    0.194302] system 00:08: Plug and Play ACPI device, IDs PNP0c02 (active)
Nov  8 02:22:45 mestari420 kernel: [    0.194929] system 00:09: [mem 0xfdaf0000-0xfdafffff] has been reserved
Nov  8 02:22:45 mestari420 kernel: [    0.194929] system 00:09: [mem 0xfdae0000-0xfdaeffff] has been reserved
Nov  8 02:22:45 mestari420 kernel: [    0.194930] system 00:09: [mem 0xfdac0000-0xfdacffff] has been reserved
Nov  8 02:22:45 mestari420 kernel: [    0.194931] system 00:09: Plug and Play ACPI device, IDs PNP0c02 (active)
Nov  8 02:22:45 mestari420 kernel: [    0.195422] pnp: PnP ACPI: found 10 devices
Nov  8 02:22:45 mestari420 kernel: [    0.201752] clocksource: acpi_pm: mask: 0xffffff max_cycles: 0xffffff, max_idle_ns: 2085701024 ns
Nov  8 02:22:45 mestari420 kernel: [    0.201772] pci 0000:00:1d.0: bridge window [io  0x1000-0x0fff] to [bus 04] add_size 1000
Nov  8 02:22:45 mestari420 kernel: [    0.201774] pci 0000:00:1d.0: bridge window [mem 0x00100000-0x000fffff 64bit pref] to [bus 04] add_size 200000 add_align 100000
Nov  8 02:22:45 mestari420 kernel: [    0.201774] pci 0000:00:1d.0: bridge window [mem 0x00100000-0x000fffff] to [bus 04] add_size 200000 add_align 100000
Nov  8 02:22:45 mestari420 kernel: [    0.201776] pci 0000:00:1d.0: res[14]=[mem 0x00100000-0x000fffff] res_to_dev_res add_size 200000 min_align 100000
Nov  8 02:22:45 mestari420 kernel: [    0.201777] pci 0000:00:1d.0: res[14]=[mem 0x00100000-0x002fffff] res_to_dev_res add_size 200000 min_align 100000
Nov  8 02:22:45 mestari420 kernel: [    0.201778] pci 0000:00:1d.0: res[15]=[mem 0x00100000-0x000fffff 64bit pref] res_to_dev_res add_size 200000 min_align 100000
Nov  8 02:22:45 mestari420 kernel: [    0.201778] pci 0000:00:1d.0: res[15]=[mem 0x00100000-0x002fffff 64bit pref] res_to_dev_res add_size 200000 min_align 100000
Nov  8 02:22:45 mestari420 kernel: [    0.201779] pci 0000:00:1d.0: res[13]=[io  0x1000-0x0fff] res_to_dev_res add_size 1000 min_align 1000
Nov  8 02:22:45 mestari420 kernel: [    0.201779] pci 0000:00:1d.0: res[13]=[io  0x1000-0x1fff] res_to_dev_res add_size 1000 min_align 1000
Nov  8 02:22:45 mestari420 kernel: [    0.201781] pci 0000:00:1d.0: BAR 14: assigned [mem 0xc0800000-0xc09fffff]
Nov  8 02:22:45 mestari420 kernel: [    0.201784] pci 0000:00:1d.0: BAR 15: assigned [mem 0xc0a00000-0xc0bfffff 64bit pref]
Nov  8 02:22:45 mestari420 kernel: [    0.201784] pci 0000:00:1d.0: BAR 13: assigned [io  0x2000-0x2fff]
Nov  8 02:22:45 mestari420 kernel: [    0.201786] pci 0000:00:01.0: PCI bridge to [bus 01]
Nov  8 02:22:45 mestari420 kernel: [    0.201787] pci 0000:00:01.0:   bridge window [io  0xe000-0xefff]
Nov  8 02:22:45 mestari420 kernel: [    0.201788] pci 0000:00:01.0:   bridge window [mem 0xf6000000-0xf70fffff]
Nov  8 02:22:45 mestari420 kernel: [    0.201789] pci 0000:00:01.0:   bridge window [mem 0xe0000000-0xf1ffffff 64bit pref]
Nov  8 02:22:45 mestari420 kernel: [    0.201791] pci 0000:00:1b.0: PCI bridge to [bus 02]
Nov  8 02:22:45 mestari420 kernel: [    0.201799] pci 0000:00:1c.0: PCI bridge to [bus 03]
Nov  8 02:22:45 mestari420 kernel: [    0.201801] pci 0000:00:1c.0:   bridge window [mem 0xf7100000-0xf71fffff]
Nov  8 02:22:45 mestari420 kernel: [    0.201805] pci 0000:00:1d.0: PCI bridge to [bus 04]
Nov  8 02:22:45 mestari420 kernel: [    0.201807] pci 0000:00:1d.0:   bridge window [io  0x2000-0x2fff]
Nov  8 02:22:45 mestari420 kernel: [    0.201810] pci 0000:00:1d.0:   bridge window [mem 0xc0800000-0xc09fffff]
Nov  8 02:22:45 mestari420 kernel: [    0.201811] pci 0000:00:1d.0:   bridge window [mem 0xc0a00000-0xc0bfffff 64bit pref]
Nov  8 02:22:45 mestari420 kernel: [    0.201815] pci_bus 0000:00: resource 4 [io  0x0000-0x0cf7 window]
Nov  8 02:22:45 mestari420 kernel: [    0.201815] pci_bus 0000:00: resource 5 [io  0x0d00-0xffff window]
Nov  8 02:22:45 mestari420 kernel: [    0.201816] pci_bus 0000:00: resource 6 [mem 0x000a0000-0x000bffff window]
Nov  8 02:22:45 mestari420 kernel: [    0.201816] pci_bus 0000:00: resource 7 [mem 0xc0800000-0xf7ffffff window]
Nov  8 02:22:45 mestari420 kernel: [    0.201817] pci_bus 0000:00: resource 8 [mem 0xfd000000-0xfe7fffff window]
Nov  8 02:22:45 mestari420 kernel: [    0.201817] pci_bus 0000:01: resource 0 [io  0xe000-0xefff]
Nov  8 02:22:45 mestari420 kernel: [    0.201818] pci_bus 0000:01: resource 1 [mem 0xf6000000-0xf70fffff]
Nov  8 02:22:45 mestari420 kernel: [    0.201818] pci_bus 0000:01: resource 2 [mem 0xe0000000-0xf1ffffff 64bit pref]
Nov  8 02:22:45 mestari420 kernel: [    0.201819] pci_bus 0000:03: resource 1 [mem 0xf7100000-0xf71fffff]
Nov  8 02:22:45 mestari420 kernel: [    0.201820] pci_bus 0000:04: resource 0 [io  0x2000-0x2fff]
Nov  8 02:22:45 mestari420 kernel: [    0.201820] pci_bus 0000:04: resource 1 [mem 0xc0800000-0xc09fffff]
Nov  8 02:22:45 mestari420 kernel: [    0.201821] pci_bus 0000:04: resource 2 [mem 0xc0a00000-0xc0bfffff 64bit pref]
Nov  8 02:22:45 mestari420 kernel: [    0.201895] NET: Registered protocol family 2
Nov  8 02:22:45 mestari420 kernel: [    0.201982] TCP established hash table entries: 131072 (order: 8, 1048576 bytes)
Nov  8 02:22:45 mestari420 kernel: [    0.202112] TCP bind hash table entries: 65536 (order: 8, 1048576 bytes)
Nov  8 02:22:45 mestari420 kernel: [    0.202231] TCP: Hash tables configured (established 131072 bind 65536)
Nov  8 02:22:45 mestari420 kernel: [    0.202247] UDP hash table entries: 8192 (order: 6, 262144 bytes)
Nov  8 02:22:45 mestari420 kernel: [    0.202283] UDP-Lite hash table entries: 8192 (order: 6, 262144 bytes)
Nov  8 02:22:45 mestari420 kernel: [    0.202330] NET: Registered protocol family 1
Nov  8 02:22:45 mestari420 kernel: [    0.205783] pci 0000:01:00.0: Video device with shadowed ROM at [mem 0x000c0000-0x000dffff]
Nov  8 02:22:45 mestari420 kernel: [    0.205895] PCI: CLS 0 bytes, default 64
Nov  8 02:22:45 mestari420 kernel: [    0.205916] Unpacking initramfs...
Nov  8 02:22:45 mestari420 kernel: [    0.563697] Freeing initrd memory: 41084K
Nov  8 02:22:45 mestari420 kernel: [    0.563700] PCI-DMA: Using software bounce buffering for IO (SWIOTLB)
Nov  8 02:22:45 mestari420 kernel: [    0.563702] software IO TLB [mem 0xb18cf000-0xb58cf000] (64MB) mapped at [ffff89f0718cf000-ffff89f0758cefff]
Nov  8 02:22:45 mestari420 kernel: [    0.563922] clocksource: tsc: mask: 0xffffffffffffffff max_cycles: 0x39c5e21a6f1, max_idle_ns: 440795312983 ns
Nov  8 02:22:45 mestari420 kernel: [    0.564045] Scanning for low memory corruption every 60 seconds
Nov  8 02:22:45 mestari420 kernel: [    0.564276] audit: initializing netlink subsys (disabled)
Nov  8 02:22:45 mestari420 kernel: [    0.564333] audit: type=2000 audit(1510100553.556:1): initialized
Nov  8 02:22:45 mestari420 kernel: [    0.564562] Initialise system trusted keyrings
Nov  8 02:22:45 mestari420 kernel: [    0.564648] workingset: timestamp_bits=36 max_order=22 bucket_order=0
Nov  8 02:22:45 mestari420 kernel: [    0.565395] zbud: loaded
Nov  8 02:22:45 mestari420 kernel: [    0.565634] squashfs: version 4.0 (2009/01/31) Phillip Lougher
Nov  8 02:22:45 mestari420 kernel: [    0.565759] fuse init (API version 7.26)
Nov  8 02:22:45 mestari420 kernel: [    0.567260] Key type asymmetric registered
Nov  8 02:22:45 mestari420 kernel: [    0.567261] Asymmetric key parser 'x509' registered
Nov  8 02:22:45 mestari420 kernel: [    0.567278] Block layer SCSI generic (bsg) driver version 0.4 loaded (major 248)
Nov  8 02:22:45 mestari420 kernel: [    0.567303] io scheduler noop registered
Nov  8 02:22:45 mestari420 kernel: [    0.567304] io scheduler deadline registered
Nov  8 02:22:45 mestari420 kernel: [    0.567308] io scheduler cfq registered (default)
Nov  8 02:22:45 mestari420 kernel: [    0.567722] efifb: probing for efifb
Nov  8 02:22:45 mestari420 kernel: [    0.567727] efifb: framebuffer at 0xf1000000, using 3072k, total 3072k
Nov  8 02:22:45 mestari420 kernel: [    0.567728] efifb: mode is 1024x768x32, linelength=4096, pages=1
Nov  8 02:22:45 mestari420 kernel: [    0.567728] efifb: scrolling: redraw
Nov  8 02:22:45 mestari420 kernel: [    0.567728] efifb: Truecolor: size=8:8:8:8, shift=24:16:8:0
Nov  8 02:22:45 mestari420 kernel: [    0.567774] Console: switching to colour frame buffer device 128x48
Nov  8 02:22:45 mestari420 kernel: [    0.567781] fb0: EFI VGA frame buffer device
Nov  8 02:22:45 mestari420 kernel: [    0.567784] intel_idle: MWAIT substates: 0x142120
Nov  8 02:22:45 mestari420 kernel: [    0.567784] intel_idle: v0.4.1 model 0x5E
Nov  8 02:22:45 mestari420 kernel: [    0.568010] intel_idle: lapic_timer_reliable_states 0xffffffff
Nov  8 02:22:45 mestari420 kernel: [    0.568064] input: Sleep Button as /devices/LNXSYSTM:00/LNXSYBUS:00/PNP0C0E:00/input/input0
Nov  8 02:22:45 mestari420 kernel: [    0.568066] ACPI: Sleep Button [SLPB]
Nov  8 02:22:45 mestari420 kernel: [    0.568082] input: Power Button as /devices/LNXSYSTM:00/LNXSYBUS:00/PNP0C0C:00/input/input1
Nov  8 02:22:45 mestari420 kernel: [    0.568083] ACPI: Power Button [PWRB]
Nov  8 02:22:45 mestari420 kernel: [    0.568100] input: Power Button as /devices/LNXSYSTM:00/LNXPWRBN:00/input/input2
Nov  8 02:22:45 mestari420 kernel: [    0.568100] ACPI: Power Button [PWRF]
Nov  8 02:22:45 mestari420 kernel: [    0.568471] (NULL device *): hwmon_device_register() is deprecated. Please convert the driver to use hwmon_device_register_with_info().
Nov  8 02:22:45 mestari420 kernel: [    0.568553] thermal LNXTHERM:00: registered as thermal_zone0
Nov  8 02:22:45 mestari420 kernel: [    0.568553] ACPI: Thermal Zone [TZ00] (28 C)
Nov  8 02:22:45 mestari420 kernel: [    0.568622] thermal LNXTHERM:01: registered as thermal_zone1
Nov  8 02:22:45 mestari420 kernel: [    0.568622] ACPI: Thermal Zone [TZ01] (30 C)
Nov  8 02:22:45 mestari420 kernel: [    0.568652] GHES: HEST is not enabled!
Nov  8 02:22:45 mestari420 kernel: [    0.568693] Serial: 8250/16550 driver, 32 ports, IRQ sharing enabled
Nov  8 02:22:45 mestari420 kernel: [    0.589495] 00:01: ttyS0 at I/O 0x3f8 (irq = 4, base_baud = 115200) is a 16550A
Nov  8 02:22:45 mestari420 kernel: [    0.590352] Linux agpgart interface v0.103
Nov  8 02:22:45 mestari420 kernel: [    0.592518] loop: module loaded
Nov  8 02:22:45 mestari420 kernel: [    0.592597] libphy: Fixed MDIO Bus: probed
Nov  8 02:22:45 mestari420 kernel: [    0.592597] tun: Universal TUN/TAP device driver, 1.6
Nov  8 02:22:45 mestari420 kernel: [    0.592597] tun: (C) 1999-2004 Max Krasnyansky <maxk@qualcomm.com>
Nov  8 02:22:45 mestari420 kernel: [    0.592677] PPP generic driver version 2.4.2
Nov  8 02:22:45 mestari420 kernel: [    0.592765] ehci_hcd: USB 2.0 'Enhanced' Host Controller (EHCI) Driver
Nov  8 02:22:45 mestari420 kernel: [    0.592767] ehci-pci: EHCI PCI platform driver
Nov  8 02:22:45 mestari420 kernel: [    0.592772] ehci-platform: EHCI generic platform driver
Nov  8 02:22:45 mestari420 kernel: [    0.592776] ohci_hcd: USB 1.1 'Open' Host Controller (OHCI) Driver
Nov  8 02:22:45 mestari420 kernel: [    0.592776] ohci-pci: OHCI PCI platform driver
Nov  8 02:22:45 mestari420 kernel: [    0.592780] ohci-platform: OHCI generic platform driver
Nov  8 02:22:45 mestari420 kernel: [    0.592783] uhci_hcd: USB Universal Host Controller Interface driver
Nov  8 02:22:45 mestari420 kernel: [    0.592855] xhci_hcd 0000:00:14.0: xHCI Host Controller
Nov  8 02:22:45 mestari420 kernel: [    0.592857] xhci_hcd 0000:00:14.0: new USB bus registered, assigned bus number 1
Nov  8 02:22:45 mestari420 kernel: [    0.593923] xhci_hcd 0000:00:14.0: hcc params 0x200077c1 hci version 0x100 quirks 0x00109810
Nov  8 02:22:45 mestari420 kernel: [    0.593926] xhci_hcd 0000:00:14.0: cache line size of 64 is not supported
Nov  8 02:22:45 mestari420 kernel: [    0.593979] usb usb1: New USB device found, idVendor=1d6b, idProduct=0002
Nov  8 02:22:45 mestari420 kernel: [    0.593979] usb usb1: New USB device strings: Mfr=3, Product=2, SerialNumber=1
Nov  8 02:22:45 mestari420 kernel: [    0.593980] usb usb1: Product: xHCI Host Controller
Nov  8 02:22:45 mestari420 kernel: [    0.593981] usb usb1: Manufacturer: Linux 4.10.0-38-generic xhci-hcd
Nov  8 02:22:45 mestari420 kernel: [    0.593981] usb usb1: SerialNumber: 0000:00:14.0
Nov  8 02:22:45 mestari420 kernel: [    0.594069] hub 1-0:1.0: USB hub found
Nov  8 02:22:45 mestari420 kernel: [    0.594082] hub 1-0:1.0: 16 ports detected
Nov  8 02:22:45 mestari420 kernel: [    0.601052] xhci_hcd 0000:00:14.0: xHCI Host Controller
Nov  8 02:22:45 mestari420 kernel: [    0.601053] xhci_hcd 0000:00:14.0: new USB bus registered, assigned bus number 2
Nov  8 02:22:45 mestari420 kernel: [    0.601069] usb usb2: New USB device found, idVendor=1d6b, idProduct=0003
Nov  8 02:22:45 mestari420 kernel: [    0.601069] usb usb2: New USB device strings: Mfr=3, Product=2, SerialNumber=1
Nov  8 02:22:45 mestari420 kernel: [    0.601070] usb usb2: Product: xHCI Host Controller
Nov  8 02:22:45 mestari420 kernel: [    0.601070] usb usb2: Manufacturer: Linux 4.10.0-38-generic xhci-hcd
Nov  8 02:22:45 mestari420 kernel: [    0.601071] usb usb2: SerialNumber: 0000:00:14.0
Nov  8 02:22:45 mestari420 kernel: [    0.601161] hub 2-0:1.0: USB hub found
Nov  8 02:22:45 mestari420 kernel: [    0.601176] hub 2-0:1.0: 10 ports detected
Nov  8 02:22:45 mestari420 kernel: [    0.605628] xhci_hcd 0000:03:00.0: xHCI Host Controller
Nov  8 02:22:45 mestari420 kernel: [    0.605629] xhci_hcd 0000:03:00.0: new USB bus registered, assigned bus number 3
Nov  8 02:22:45 mestari420 kernel: [    0.664388] xhci_hcd 0000:03:00.0: hcc params 0x0200eec1 hci version 0x110 quirks 0x00000010
Nov  8 02:22:45 mestari420 kernel: [    0.664502] usb usb3: New USB device found, idVendor=1d6b, idProduct=0002
Nov  8 02:22:45 mestari420 kernel: [    0.664502] usb usb3: New USB device strings: Mfr=3, Product=2, SerialNumber=1
Nov  8 02:22:45 mestari420 kernel: [    0.664503] usb usb3: Product: xHCI Host Controller
Nov  8 02:22:45 mestari420 kernel: [    0.664503] usb usb3: Manufacturer: Linux 4.10.0-38-generic xhci-hcd
Nov  8 02:22:45 mestari420 kernel: [    0.664504] usb usb3: SerialNumber: 0000:03:00.0
Nov  8 02:22:45 mestari420 kernel: [    0.664584] hub 3-0:1.0: USB hub found
Nov  8 02:22:45 mestari420 kernel: [    0.664588] hub 3-0:1.0: 2 ports detected
Nov  8 02:22:45 mestari420 kernel: [    0.664627] xhci_hcd 0000:03:00.0: xHCI Host Controller
Nov  8 02:22:45 mestari420 kernel: [    0.664628] xhci_hcd 0000:03:00.0: new USB bus registered, assigned bus number 4
Nov  8 02:22:45 mestari420 kernel: [    0.664647] usb usb4: We don't know the algorithms for LPM for this host, disabling LPM.
Nov  8 02:22:45 mestari420 kernel: [    0.664653] usb usb4: New USB device found, idVendor=1d6b, idProduct=0003
Nov  8 02:22:45 mestari420 kernel: [    0.664653] usb usb4: New USB device strings: Mfr=3, Product=2, SerialNumber=1
Nov  8 02:22:45 mestari420 kernel: [    0.664654] usb usb4: Product: xHCI Host Controller
Nov  8 02:22:45 mestari420 kernel: [    0.664654] usb usb4: Manufacturer: Linux 4.10.0-38-generic xhci-hcd
Nov  8 02:22:45 mestari420 kernel: [    0.664655] usb usb4: SerialNumber: 0000:03:00.0
Nov  8 02:22:45 mestari420 kernel: [    0.664728] hub 4-0:1.0: USB hub found
Nov  8 02:22:45 mestari420 kernel: [    0.664732] hub 4-0:1.0: 2 ports detected
Nov  8 02:22:45 mestari420 kernel: [    0.664782] i8042: PNP: No PS/2 controller found.
Nov  8 02:22:45 mestari420 kernel: [    0.664783] i8042: Probing ports directly.
Nov  8 02:22:45 mestari420 kernel: [    0.667738] serio: i8042 KBD port at 0x60,0x64 irq 1
Nov  8 02:22:45 mestari420 kernel: [    0.667744] serio: i8042 AUX port at 0x60,0x64 irq 12
Nov  8 02:22:45 mestari420 kernel: [    0.667869] mousedev: PS/2 mouse device common for all mice
Nov  8 02:22:45 mestari420 kernel: [    0.668090] rtc_cmos 00:04: RTC can wake from S4
Nov  8 02:22:45 mestari420 kernel: [    0.668444] rtc_cmos 00:04: rtc core: registered rtc_cmos as rtc0
Nov  8 02:22:45 mestari420 kernel: [    0.668523] rtc_cmos 00:04: alarms up to one month, y3k, 242 bytes nvram, hpet irqs
Nov  8 02:22:45 mestari420 kernel: [    0.668525] i2c /dev entries driver
Nov  8 02:22:45 mestari420 kernel: [    0.668549] device-mapper: uevent: version 1.0.3
Nov  8 02:22:45 mestari420 kernel: [    0.668613] device-mapper: ioctl: 4.35.0-ioctl (2016-06-23) initialised: dm-devel@redhat.com
Nov  8 02:22:45 mestari420 kernel: [    0.668614] intel_pstate: Intel P-state driver initializing
Nov  8 02:22:45 mestari420 kernel: [    0.669318] intel_pstate: HWP enabled
Nov  8 02:22:45 mestari420 kernel: [    0.669648] ledtrig-cpu: registered to indicate activity on CPUs
Nov  8 02:22:45 mestari420 kernel: [    0.669649] EFI Variables Facility v0.08 2004-May-17
Nov  8 02:22:45 mestari420 kernel: [    0.674762] NET: Registered protocol family 10
Nov  8 02:22:45 mestari420 kernel: [    0.677421] Segment Routing with IPv6
Nov  8 02:22:45 mestari420 kernel: [    0.677429] NET: Registered protocol family 17
Nov  8 02:22:45 mestari420 kernel: [    0.677434] Key type dns_resolver registered
Nov  8 02:22:45 mestari420 kernel: [    0.678032] microcode: sig=0x506e3, pf=0x2, revision=0x74
Nov  8 02:22:45 mestari420 kernel: [    0.678232] microcode: Microcode Update Driver: v2.2.
Nov  8 02:22:45 mestari420 kernel: [    0.678417] registered taskstats version 1
Nov  8 02:22:45 mestari420 kernel: [    0.678424] Loading compiled-in X.509 certificates
Nov  8 02:22:45 mestari420 kernel: [    0.680028] Loaded X.509 cert 'Build time autogenerated kernel key: 0e953fd717aa51b8d9e0128dd1af1f8370b86949'
Nov  8 02:22:45 mestari420 kernel: [    0.680038] zswap: loaded using pool lzo/zbud
Nov  8 02:22:45 mestari420 kernel: [    0.685975] Key type big_key registered
Nov  8 02:22:45 mestari420 kernel: [    0.685976] Key type trusted registered
Nov  8 02:22:45 mestari420 kernel: [    0.686922] Key type encrypted registered
Nov  8 02:22:45 mestari420 kernel: [    0.686923] AppArmor: AppArmor sha1 policy hashing enabled
Nov  8 02:22:45 mestari420 kernel: [    0.686924] ima: No TPM chip found, activating TPM-bypass! (rc=-19)
Nov  8 02:22:45 mestari420 kernel: [    0.686930] evm: HMAC attrs: 0x1
Nov  8 02:22:45 mestari420 kernel: [    0.687360]   Magic number: 9:450:354
Nov  8 02:22:45 mestari420 kernel: [    0.687363] input event0: hash matches
Nov  8 02:22:45 mestari420 kernel: [    0.687571] rtc_cmos 00:04: setting system clock to 2017-11-08 00:22:34 UTC (1510100554)
Nov  8 02:22:45 mestari420 kernel: [    0.687646] BIOS EDD facility v0.16 2004-Jun-25, 0 devices found
Nov  8 02:22:45 mestari420 kernel: [    0.687646] EDD information not available.
Nov  8 02:22:45 mestari420 kernel: [    0.687675] PM: Hibernation image not present or could not be loaded.
Nov  8 02:22:45 mestari420 kernel: [    0.688553] Freeing unused kernel memory: 2228K
Nov  8 02:22:45 mestari420 kernel: [    0.688554] Write protecting the kernel read-only data: 14336k
Nov  8 02:22:45 mestari420 kernel: [    0.688791] Freeing unused kernel memory: 1156K
Nov  8 02:22:45 mestari420 kernel: [    0.689091] Freeing unused kernel memory: 268K
Nov  8 02:22:45 mestari420 kernel: [    0.692863] x86/mm: Checked W+X mappings: passed, no W+X pages found.
Nov  8 02:22:45 mestari420 kernel: [    0.698787] random: systemd-udevd: uninitialized urandom read (16 bytes read)
Nov  8 02:22:45 mestari420 kernel: [    0.698822] random: systemd-udevd: uninitialized urandom read (16 bytes read)
Nov  8 02:22:45 mestari420 kernel: [    0.698826] random: systemd-udevd: uninitialized urandom read (16 bytes read)
Nov  8 02:22:45 mestari420 kernel: [    0.699119] random: udevadm: uninitialized urandom read (16 bytes read)
Nov  8 02:22:45 mestari420 kernel: [    0.699132] random: udevadm: uninitialized urandom read (16 bytes read)
Nov  8 02:22:45 mestari420 kernel: [    0.699658] random: udevadm: uninitialized urandom read (16 bytes read)
Nov  8 02:22:45 mestari420 kernel: [    0.699680] random: udevadm: uninitialized urandom read (16 bytes read)
Nov  8 02:22:45 mestari420 kernel: [    0.699881] random: udevadm: uninitialized urandom read (16 bytes read)
Nov  8 02:22:45 mestari420 kernel: [    0.699900] random: udevadm: uninitialized urandom read (16 bytes read)
Nov  8 02:22:45 mestari420 kernel: [    0.699921] random: udevadm: uninitialized urandom read (16 bytes read)
Nov  8 02:22:45 mestari420 kernel: [    0.713531] FUJITSU Extended Socket Network Device Driver - version 1.2 - Copyright (c) 2015 FUJITSU LIMITED
Nov  8 02:22:45 mestari420 kernel: [    0.716107] hidraw: raw HID events driver (C) Jiri Kosina
Nov  8 02:22:45 mestari420 kernel: [    0.718946] wmi: Mapper loaded
Nov  8 02:22:45 mestari420 kernel: [    0.729762] ahci 0000:00:17.0: version 3.0
Nov  8 02:22:45 mestari420 kernel: [    0.730000] ahci 0000:00:17.0: AHCI 0001.0301 32 slots 6 ports 6 Gbps 0x3f impl SATA mode
Nov  8 02:22:45 mestari420 kernel: [    0.730001] ahci 0000:00:17.0: flags: 64bit ncq sntf led clo only pio slum part ems deso sadm sds apst 
Nov  8 02:22:45 mestari420 kernel: [    0.730317] [drm] Initialized
Nov  8 02:22:45 mestari420 kernel: [    0.730385] pps_core: LinuxPPS API ver. 1 registered
Nov  8 02:22:45 mestari420 kernel: [    0.730386] pps_core: Software ver. 5.3.6 - Copyright 2005-2007 Rodolfo Giometti <giometti@linux.it>
Nov  8 02:22:45 mestari420 kernel: [    0.730970] PTP clock support registered
Nov  8 02:22:45 mestari420 kernel: [    0.733103] e1000e: Intel(R) PRO/1000 Network Driver - 3.2.6-k
Nov  8 02:22:45 mestari420 kernel: [    0.733103] e1000e: Copyright(c) 1999 - 2015 Intel Corporation.
Nov  8 02:22:45 mestari420 kernel: [    0.744514] MXM: GUID detected in BIOS
Nov  8 02:22:45 mestari420 kernel: [    0.744638] checking generic (f1000000 300000) vs hw (e0000000 10000000)
Nov  8 02:22:45 mestari420 kernel: [    0.744639] checking generic (f1000000 300000) vs hw (f0000000 2000000)
Nov  8 02:22:45 mestari420 kernel: [    0.744639] fb: switching to nouveaufb from EFI VGA
Nov  8 02:22:45 mestari420 kernel: [    0.744651] Console: switching to colour dummy device 80x25
Nov  8 02:22:45 mestari420 kernel: [    0.744758] nouveau 0000:01:00.0: NVIDIA GM200 (120080a1)
Nov  8 02:22:45 mestari420 kernel: [    0.789940] scsi host0: ahci
Nov  8 02:22:45 mestari420 kernel: [    0.790129] scsi host1: ahci
Nov  8 02:22:45 mestari420 kernel: [    0.790248] scsi host2: ahci
Nov  8 02:22:45 mestari420 kernel: [    0.790335] scsi host3: ahci
Nov  8 02:22:45 mestari420 kernel: [    0.790445] scsi host4: ahci
Nov  8 02:22:45 mestari420 kernel: [    0.790569] scsi host5: ahci
Nov  8 02:22:45 mestari420 kernel: [    0.790600] ata1: SATA max UDMA/133 abar m2048@0xf724b000 port 0xf724b100 irq 130
Nov  8 02:22:45 mestari420 kernel: [    0.790605] ata2: SATA max UDMA/133 abar m2048@0xf724b000 port 0xf724b180 irq 130
Nov  8 02:22:45 mestari420 kernel: [    0.790610] ata3: SATA max UDMA/133 abar m2048@0xf724b000 port 0xf724b200 irq 130
Nov  8 02:22:45 mestari420 kernel: [    0.790615] ata4: SATA max UDMA/133 abar m2048@0xf724b000 port 0xf724b280 irq 130
Nov  8 02:22:45 mestari420 kernel: [    0.790620] ata5: SATA max UDMA/133 abar m2048@0xf724b000 port 0xf724b300 irq 130
Nov  8 02:22:45 mestari420 kernel: [    0.790622] ata6: SATA max UDMA/133 abar m2048@0xf724b000 port 0xf724b380 irq 130
Nov  8 02:22:45 mestari420 kernel: [    0.790840] e1000e 0000:00:1f.6: Interrupt Throttling Rate (ints/sec) set to dynamic conservative mode
Nov  8 02:22:45 mestari420 kernel: [    0.845194] nouveau 0000:01:00.0: bios: version 84.00.32.00.68
Nov  8 02:22:45 mestari420 kernel: [    0.846227] nouveau 0000:01:00.0: disp: dcb 10 type 8 unknown
Nov  8 02:22:45 mestari420 kernel: [    0.847307] nouveau 0000:01:00.0: fb: 6144 MiB GDDR5
Nov  8 02:22:45 mestari420 kernel: [    0.847379] nouveau 0000:01:00.0: bus: MMIO write of 800001f4 FAULT at 10eb14 [ IBUS ]
Nov  8 02:22:45 mestari420 kernel: [    0.854456] [TTM] Zone  kernel: Available graphics memory: 8177286 kiB
Nov  8 02:22:45 mestari420 kernel: [    0.854456] [TTM] Zone   dma32: Available graphics memory: 2097152 kiB
Nov  8 02:22:45 mestari420 kernel: [    0.854456] [TTM] Initializing pool allocator
Nov  8 02:22:45 mestari420 kernel: [    0.854458] [TTM] Initializing DMA pool allocator
Nov  8 02:22:45 mestari420 kernel: [    0.854466] nouveau 0000:01:00.0: DRM: VRAM: 6144 MiB
Nov  8 02:22:45 mestari420 kernel: [    0.854467] nouveau 0000:01:00.0: DRM: GART: 1048576 MiB
Nov  8 02:22:45 mestari420 kernel: [    0.854468] nouveau 0000:01:00.0: DRM: TMDS table version 2.0
Nov  8 02:22:45 mestari420 kernel: [    0.854469] nouveau 0000:01:00.0: DRM: DCB version 4.1
Nov  8 02:22:45 mestari420 kernel: [    0.854469] nouveau 0000:01:00.0: DRM: DCB outp 00: 01000f02 00020030
Nov  8 02:22:45 mestari420 kernel: [    0.854470] nouveau 0000:01:00.0: DRM: DCB outp 01: 02000f00 00000000
Nov  8 02:22:45 mestari420 kernel: [    0.854470] nouveau 0000:01:00.0: DRM: DCB outp 02: 04812f96 04400020
Nov  8 02:22:45 mestari420 kernel: [    0.854471] nouveau 0000:01:00.0: DRM: DCB outp 03: 04012f92 00020020
Nov  8 02:22:45 mestari420 kernel: [    0.854471] nouveau 0000:01:00.0: DRM: DCB outp 04: 04821f86 04400010
Nov  8 02:22:45 mestari420 kernel: [    0.854472] nouveau 0000:01:00.0: DRM: DCB outp 05: 04021f82 00020010
Nov  8 02:22:45 mestari420 kernel: [    0.854472] nouveau 0000:01:00.0: DRM: DCB outp 07: 02033f62 00020010
Nov  8 02:22:45 mestari420 kernel: [    0.854473] nouveau 0000:01:00.0: DRM: DCB outp 08: 02844f76 04400020
Nov  8 02:22:45 mestari420 kernel: [    0.854473] nouveau 0000:01:00.0: DRM: DCB outp 09: 02044f72 00020020
Nov  8 02:22:45 mestari420 kernel: [    0.854474] nouveau 0000:01:00.0: DRM: DCB outp 10: 01d55ff8 00000000
Nov  8 02:22:45 mestari420 kernel: [    0.854474] nouveau 0000:01:00.0: DRM: DCB conn 00: 00001030
Nov  8 02:22:45 mestari420 kernel: [    0.854475] nouveau 0000:01:00.0: DRM: DCB conn 01: 01000146
Nov  8 02:22:45 mestari420 kernel: [    0.854475] nouveau 0000:01:00.0: DRM: DCB conn 02: 02000246
Nov  8 02:22:45 mestari420 kernel: [    0.854475] nouveau 0000:01:00.0: DRM: DCB conn 03: 00010361
Nov  8 02:22:45 mestari420 kernel: [    0.854476] nouveau 0000:01:00.0: DRM: DCB conn 04: 00020446
Nov  8 02:22:45 mestari420 kernel: [    0.854476] nouveau 0000:01:00.0: DRM: DCB conn 05: 00000570
Nov  8 02:22:45 mestari420 kernel: [    0.854477] nouveau 0000:01:00.0: DRM: Pointer to flat panel table invalid
Nov  8 02:22:45 mestari420 kernel: [    0.924319] nouveau 0000:01:00.0: DRM: unknown connector type 70
Nov  8 02:22:45 mestari420 kernel: [    0.924334] nouveau 0000:01:00.0: DRM: failed to create encoder 1/8/0: -19
Nov  8 02:22:45 mestari420 kernel: [    0.924334] nouveau 0000:01:00.0: DRM: Unknown-1 has no encoders, removing
Nov  8 02:22:45 mestari420 kernel: [    0.924347] [drm] Supports vblank timestamp caching Rev 2 (21.10.2013).
Nov  8 02:22:45 mestari420 kernel: [    0.924347] [drm] Driver supports precise vblank timestamp query.
Nov  8 02:22:45 mestari420 kernel: [    1.030635] usb 1-1: new full-speed USB device number 2 using xhci_hcd
Nov  8 02:22:45 mestari420 kernel: [    1.030726] nouveau 0000:01:00.0: hwmon_device_register() is deprecated. Please convert the driver to use hwmon_device_register_with_info().
Nov  8 02:22:45 mestari420 kernel: [    1.033579] e1000e 0000:00:1f.6 0000:00:1f.6 (uninitialized): registered PHC clock
Nov  8 02:22:45 mestari420 kernel: [    1.090361] nouveau 0000:01:00.0: DRM: MM: using COPY for buffer copies
Nov  8 02:22:45 mestari420 kernel: [    1.100741] e1000e 0000:00:1f.6 eth0: (PCI Express:2.5GT/s:Width x1) 30:5a:3a:49:b5:75
Nov  8 02:22:45 mestari420 kernel: [    1.100742] e1000e 0000:00:1f.6 eth0: Intel(R) PRO/1000 Network Connection
Nov  8 02:22:45 mestari420 kernel: [    1.100859] e1000e 0000:00:1f.6 eth0: MAC: 12, PHY: 12, PBA No: FFFFFF-0FF
Nov  8 02:22:45 mestari420 kernel: [    1.101259] e1000e 0000:00:1f.6 enp0s31f6: renamed from eth0
Nov  8 02:22:45 mestari420 kernel: [    1.104308] ata3: SATA link up 6.0 Gbps (SStatus 133 SControl 300)
Nov  8 02:22:45 mestari420 kernel: [    1.104440] ata6: SATA link down (SStatus 4 SControl 300)
Nov  8 02:22:45 mestari420 kernel: [    1.104503] ata2: SATA link up 6.0 Gbps (SStatus 133 SControl 300)
Nov  8 02:22:45 mestari420 kernel: [    1.104538] ata1: SATA link up 6.0 Gbps (SStatus 133 SControl 300)
Nov  8 02:22:45 mestari420 kernel: [    1.104570] ata5: SATA link down (SStatus 4 SControl 300)
Nov  8 02:22:45 mestari420 kernel: [    1.104641] ata4: SATA link up 6.0 Gbps (SStatus 133 SControl 300)
Nov  8 02:22:45 mestari420 kernel: [    1.104854] ata3.00: ATA-9: WDC WD20EFRX-68EUZN0, 82.00A82, max UDMA/133
Nov  8 02:22:45 mestari420 kernel: [    1.104855] ata3.00: 3907029168 sectors, multi 16: LBA48 NCQ (depth 31/32), AA
Nov  8 02:22:45 mestari420 kernel: [    1.105231] ata4.00: ATA-9: WDC WD20EFRX-68EUZN0, 82.00A82, max UDMA/133
Nov  8 02:22:45 mestari420 kernel: [    1.105232] ata4.00: 3907029168 sectors, multi 16: LBA48 NCQ (depth 31/32), AA
Nov  8 02:22:45 mestari420 kernel: [    1.105437] ata3.00: configured for UDMA/133
Nov  8 02:22:45 mestari420 kernel: [    1.105496] ata2.00: ATA-9: CT500BX100SSD1, MU01, max UDMA/133
Nov  8 02:22:45 mestari420 kernel: [    1.105496] ata2.00: 976773168 sectors, multi 2: LBA48 NCQ (depth 31/32), AA
Nov  8 02:22:45 mestari420 kernel: [    1.105927] ata4.00: configured for UDMA/133
Nov  8 02:22:45 mestari420 kernel: [    1.106150] ata2.00: configured for UDMA/133
Nov  8 02:22:45 mestari420 kernel: [    1.116303] ata1.00: ATA-8: KINGSTON SV300S37A120G, 505ABBF0, max UDMA/133
Nov  8 02:22:45 mestari420 kernel: [    1.116304] ata1.00: 234441648 sectors, multi 16: LBA48 NCQ (depth 31/32), AA
Nov  8 02:22:45 mestari420 kernel: [    1.126261] ata1.00: configured for UDMA/133
Nov  8 02:22:45 mestari420 kernel: [    1.126612] scsi 0:0:0:0: Direct-Access     ATA      KINGSTON SV300S3 BBF0 PQ: 0 ANSI: 5
Nov  8 02:22:45 mestari420 kernel: [    1.172202] usb 1-1: New USB device found, idVendor=046d, idProduct=c539
Nov  8 02:22:45 mestari420 kernel: [    1.172202] usb 1-1: New USB device strings: Mfr=1, Product=2, SerialNumber=0
Nov  8 02:22:45 mestari420 kernel: [    1.172203] usb 1-1: Product: USB Receiver
Nov  8 02:22:45 mestari420 kernel: [    1.172204] usb 1-1: Manufacturer: Logitech
Nov  8 02:22:45 mestari420 kernel: [    1.179846] usbcore: registered new interface driver usbhid
Nov  8 02:22:45 mestari420 kernel: [    1.179847] usbhid: USB HID core driver
Nov  8 02:22:45 mestari420 kernel: [    1.180628] input: Logitech USB Receiver as /devices/pci0000:00/0000:00:14.0/usb1/1-1/1-1:1.0/0003:046D:C539.0001/input/input6
Nov  8 02:22:45 mestari420 kernel: [    1.197289] sd 0:0:0:0: Attached scsi generic sg0 type 0
Nov  8 02:22:45 mestari420 kernel: [    1.197535] sd 0:0:0:0: [sda] 234441648 512-byte logical blocks: (120 GB/112 GiB)
Nov  8 02:22:45 mestari420 kernel: [    1.197563] sd 0:0:0:0: [sda] Write Protect is off
Nov  8 02:22:45 mestari420 kernel: [    1.197564] sd 0:0:0:0: [sda] Mode Sense: 00 3a 00 00
Nov  8 02:22:45 mestari420 kernel: [    1.197612] scsi 1:0:0:0: Direct-Access     ATA      CT500BX100SSD1   MU01 PQ: 0 ANSI: 5
Nov  8 02:22:45 mestari420 kernel: [    1.197671] sd 0:0:0:0: [sda] Write cache: enabled, read cache: enabled, doesn't support DPO or FUA
Nov  8 02:22:45 mestari420 kernel: [    1.200701]  sda: sda1 sda2 sda3 sda4
Nov  8 02:22:45 mestari420 kernel: [    1.201260] sd 0:0:0:0: [sda] Attached SCSI disk
Nov  8 02:22:45 mestari420 kernel: [    1.236978] nouveau 0000:01:00.0: priv: GPC0: 419df4 00000000 (1c40820e)
Nov  8 02:22:45 mestari420 kernel: [    1.236984] nouveau 0000:01:00.0: priv: GPC1: 419df4 00000000 (1c40820e)
Nov  8 02:22:45 mestari420 kernel: [    1.236990] nouveau 0000:01:00.0: priv: GPC2: 419df4 00000000 (1c40820e)
Nov  8 02:22:45 mestari420 kernel: [    1.236995] nouveau 0000:01:00.0: priv: GPC3: 419df4 00000000 (1c40820e)
Nov  8 02:22:45 mestari420 kernel: [    1.237000] nouveau 0000:01:00.0: priv: GPC4: 419df4 00000000 (1c40820e)
Nov  8 02:22:45 mestari420 kernel: [    1.237005] nouveau 0000:01:00.0: priv: GPC5: 419df4 00000000 (1c40820e)
Nov  8 02:22:45 mestari420 kernel: [    1.237422] hid-generic 0003:046D:C539.0001: input,hidraw0: USB HID v1.11 Keyboard [Logitech USB Receiver] on usb-0000:00:14.0-1/input0
Nov  8 02:22:45 mestari420 kernel: [    1.237537] input: Logitech USB Receiver as /devices/pci0000:00/0000:00:14.0/usb1/1-1/1-1:1.1/0003:046D:C539.0002/input/input7
Nov  8 02:22:45 mestari420 kernel: [    1.289249] usb 2-2: new SuperSpeed USB device number 2 using xhci_hcd
Nov  8 02:22:45 mestari420 kernel: [    1.297628] hid-generic 0003:046D:C539.0002: input,hiddev0,hidraw1: USB HID v1.11 Mouse [Logitech USB Receiver] on usb-0000:00:14.0-1/input1
Nov  8 02:22:45 mestari420 kernel: [    1.299197] hid-generic 0003:046D:C539.0003: hiddev0,hidraw2: USB HID v1.11 Device [Logitech USB Receiver] on usb-0000:00:14.0-1/input2
Nov  8 02:22:45 mestari420 kernel: [    1.310213] usb 2-2: New USB device found, idVendor=1b1c, idProduct=1a14
Nov  8 02:22:45 mestari420 kernel: [    1.310213] usb 2-2: New USB device strings: Mfr=1, Product=2, SerialNumber=3
Nov  8 02:22:45 mestari420 kernel: [    1.310214] usb 2-2: Product: Voyager VEGA
Nov  8 02:22:45 mestari420 kernel: [    1.310214] usb 2-2: Manufacturer: Corsair
Nov  8 02:22:45 mestari420 kernel: [    1.310215] usb 2-2: SerialNumber: 070867E15D20BD36
Nov  8 02:22:45 mestari420 kernel: [    1.312823] usb-storage 2-2:1.0: USB Mass Storage device detected
Nov  8 02:22:45 mestari420 kernel: [    1.312944] scsi host6: usb-storage 2-2:1.0
Nov  8 02:22:45 mestari420 kernel: [    1.312999] usbcore: registered new interface driver usb-storage
Nov  8 02:22:45 mestari420 kernel: [    1.313292] sd 1:0:0:0: Attached scsi generic sg1 type 0
Nov  8 02:22:45 mestari420 kernel: [    1.313417] sd 1:0:0:0: [sdb] 976773168 512-byte logical blocks: (500 GB/466 GiB)
Nov  8 02:22:45 mestari420 kernel: [    1.313433] sd 1:0:0:0: [sdb] Write Protect is off
Nov  8 02:22:45 mestari420 kernel: [    1.313434] sd 1:0:0:0: [sdb] Mode Sense: 00 3a 00 00
Nov  8 02:22:45 mestari420 kernel: [    1.313460] sd 1:0:0:0: [sdb] Write cache: enabled, read cache: enabled, doesn't support DPO or FUA
Nov  8 02:22:45 mestari420 kernel: [    1.313500] scsi 2:0:0:0: Direct-Access     ATA      WDC WD20EFRX-68E 0A82 PQ: 0 ANSI: 5
Nov  8 02:22:45 mestari420 kernel: [    1.313832] usbcore: registered new interface driver uas
Nov  8 02:22:45 mestari420 kernel: [    1.314615]  sdb: sdb1
Nov  8 02:22:45 mestari420 kernel: [    1.314885] sd 1:0:0:0: [sdb] Attached SCSI disk
Nov  8 02:22:45 mestari420 kernel: [    1.429197] usb 1-5: new high-speed USB device number 3 using xhci_hcd
Nov  8 02:22:45 mestari420 kernel: [    1.436892] nouveau 0000:01:00.0: DRM: allocated 2560x1440 fb: 0x60000, bo ffff89f3e2624400
Nov  8 02:22:45 mestari420 kernel: [    1.436957] fbcon: nouveaufb (fb0) is primary device
Nov  8 02:22:45 mestari420 kernel: [    1.437033] Console: switching to colour frame buffer device 320x90
Nov  8 02:22:45 mestari420 kernel: [    1.437052] nouveau 0000:01:00.0: fb0: nouveaufb frame buffer device
Nov  8 02:22:45 mestari420 kernel: [    1.469203] [drm] Initialized nouveau 1.3.1 20120801 for 0000:01:00.0 on minor 0
Nov  8 02:22:45 mestari420 kernel: [    1.501361] sd 2:0:0:0: Attached scsi generic sg2 type 0
Nov  8 02:22:45 mestari420 kernel: [    1.501479] sd 2:0:0:0: [sdc] 3907029168 512-byte logical blocks: (2.00 TB/1.82 TiB)
Nov  8 02:22:45 mestari420 kernel: [    1.501480] sd 2:0:0:0: [sdc] 4096-byte physical blocks
Nov  8 02:22:45 mestari420 kernel: [    1.501504] sd 2:0:0:0: [sdc] Write Protect is off
Nov  8 02:22:45 mestari420 kernel: [    1.501505] sd 2:0:0:0: [sdc] Mode Sense: 00 3a 00 00
Nov  8 02:22:45 mestari420 kernel: [    1.501545] sd 2:0:0:0: [sdc] Write cache: enabled, read cache: enabled, doesn't support DPO or FUA
Nov  8 02:22:45 mestari420 kernel: [    1.501581] scsi 3:0:0:0: Direct-Access     ATA      WDC WD20EFRX-68E 0A82 PQ: 0 ANSI: 5
Nov  8 02:22:45 mestari420 kernel: [    1.555371]  sdc: sdc1 sdc2
Nov  8 02:22:45 mestari420 kernel: [    1.555950] sd 2:0:0:0: [sdc] Attached SCSI disk
Nov  8 02:22:45 mestari420 kernel: [    1.565357] sd 3:0:0:0: Attached scsi generic sg3 type 0
Nov  8 02:22:45 mestari420 kernel: [    1.565480] sd 3:0:0:0: [sdd] 3907029168 512-byte logical blocks: (2.00 TB/1.82 TiB)
Nov  8 02:22:45 mestari420 kernel: [    1.565481] sd 3:0:0:0: [sdd] 4096-byte physical blocks
Nov  8 02:22:45 mestari420 kernel: [    1.565529] sd 3:0:0:0: [sdd] Write Protect is off
Nov  8 02:22:45 mestari420 kernel: [    1.565530] sd 3:0:0:0: [sdd] Mode Sense: 00 3a 00 00
Nov  8 02:22:45 mestari420 kernel: [    1.565605] sd 3:0:0:0: [sdd] Write cache: enabled, read cache: enabled, doesn't support DPO or FUA
Nov  8 02:22:45 mestari420 kernel: [    1.573313] random: fast init done
Nov  8 02:22:45 mestari420 kernel: [    1.573337] usb 1-5: New USB device found, idVendor=0409, idProduct=005a
Nov  8 02:22:45 mestari420 kernel: [    1.573337] usb 1-5: New USB device strings: Mfr=0, Product=0, SerialNumber=0
Nov  8 02:22:45 mestari420 kernel: [    1.573634] clocksource: Switched to clocksource tsc
Nov  8 02:22:45 mestari420 kernel: [    1.573911] hub 1-5:1.0: USB hub found
Nov  8 02:22:45 mestari420 kernel: [    1.573935] hub 1-5:1.0: 3 ports detected
Nov  8 02:22:45 mestari420 kernel: [    1.618010]  sdd: sdd1 sdd2 sdd3
Nov  8 02:22:45 mestari420 kernel: [    1.618421] sd 3:0:0:0: [sdd] Attached SCSI disk
Nov  8 02:22:45 mestari420 kernel: [    1.701169] usb 1-10: new full-speed USB device number 4 using xhci_hcd
Nov  8 02:22:45 mestari420 kernel: [    1.844282] usb 1-10: New USB device found, idVendor=28de, idProduct=1142
Nov  8 02:22:45 mestari420 kernel: [    1.844296] usb 1-10: New USB device strings: Mfr=1, Product=2, SerialNumber=0
Nov  8 02:22:45 mestari420 kernel: [    1.844296] usb 1-10: Product: Steam Controller
Nov  8 02:22:45 mestari420 kernel: [    1.844297] usb 1-10: Manufacturer: Valve Software
Nov  8 02:22:45 mestari420 kernel: [    1.846225] input: Valve Software Steam Controller as /devices/pci0000:00/0000:00:14.0/usb1/1-10/1-10:1.0/0003:28DE:1142.0004/input/input8
Nov  8 02:22:45 mestari420 kernel: [    1.905604] hid-generic 0003:28DE:1142.0004: input,hidraw3: USB HID v1.11 Keyboard [Valve Software Steam Controller] on usb-0000:00:14.0-10/input0
Nov  8 02:22:45 mestari420 kernel: [    1.908093] hid-generic 0003:28DE:1142.0005: hiddev0,hidraw4: USB HID v1.11 Device [Valve Software Steam Controller] on usb-0000:00:14.0-10/input1
Nov  8 02:22:45 mestari420 kernel: [    1.910475] hid-generic 0003:28DE:1142.0006: hiddev0,hidraw5: USB HID v1.11 Device [Valve Software Steam Controller] on usb-0000:00:14.0-10/input2
Nov  8 02:22:45 mestari420 kernel: [    1.912722] hid-generic 0003:28DE:1142.0007: hiddev0,hidraw6: USB HID v1.11 Device [Valve Software Steam Controller] on usb-0000:00:14.0-10/input3
Nov  8 02:22:45 mestari420 kernel: [    1.915024] hid-generic 0003:28DE:1142.0008: hiddev0,hidraw7: USB HID v1.11 Device [Valve Software Steam Controller] on usb-0000:00:14.0-10/input4
Nov  8 02:22:45 mestari420 kernel: [    1.921152] usb 1-5.2: new full-speed USB device number 5 using xhci_hcd
Nov  8 02:22:45 mestari420 kernel: [    2.029623] usb 1-5.2: New USB device found, idVendor=045e, idProduct=02b0
Nov  8 02:22:45 mestari420 kernel: [    2.029624] usb 1-5.2: New USB device strings: Mfr=1, Product=2, SerialNumber=0
Nov  8 02:22:45 mestari420 kernel: [    2.029624] usb 1-5.2: Product: Xbox NUI Motor
Nov  8 02:22:45 mestari420 kernel: [    2.029625] usb 1-5.2: Manufacturer: Microsoft
Nov  8 02:22:45 mestari420 kernel: [    2.141277] usb 1-14: new full-speed USB device number 6 using xhci_hcd
Nov  8 02:22:45 mestari420 kernel: [    2.284262] usb 1-14: New USB device found, idVendor=046d, idProduct=c24d
Nov  8 02:22:45 mestari420 kernel: [    2.284263] usb 1-14: New USB device strings: Mfr=1, Product=2, SerialNumber=0
